Component: ARM Compiler 5.06 update 6 (build 750) Tool: armlink [4d35ed]

==============================================================================

Section Cross References

    adc.o(i._ZN3Adc10adcDmaInitEv) refers to stm32f4xx_adc.o(i.ADC_DMARequestAfterLastTransferCmd) for ADC_DMARequestAfterLastTransferCmd
    adc.o(i._ZN3Adc10adcDmaInitEv) refers to stm32f4xx_adc.o(i.ADC_EOCOnEachRegularChannelCmd) for ADC_EOCOnEachRegularChannelCmd
    adc.o(i._ZN3Adc10adcDmaInitEv) refers to stm32f4xx_adc.o(i.ADC_DMACmd) for ADC_DMACmd
    adc.o(i._ZN3Adc10adcDmaInitEv) refers to stm32f4xx_adc.o(i.ADC_SoftwareStartConv) for ADC_SoftwareStartConv
    adc.o(i._ZN3Adc10setChannelEv) refers to stm32f4xx_adc.o(i.ADC_RegularChannelConfig) for ADC_RegularChannelConfig
    adc.o(i._ZN3Adc7adcInitEv) refers to pin_setup.o(i._ZN3Pin7pinInitEv) for Pin::pinInit()
    adc.o(i._ZN3Adc7adcInitEv) refers to stm32f4xx_rcc.o(i.RCC_APB2PeriphClockCmd) for RCC_APB2PeriphClockCmd
    adc.o(i._ZN3Adc7adcInitEv) refers to stm32f4xx_adc.o(i.ADC_CommonInit) for ADC_CommonInit
    adc.o(i._ZN3Adc8startAdcEv) refers to stm32f4xx_adc.o(i.ADC_Init) for ADC_Init
    adc.o(i._ZN3Adc8startAdcEv) refers to stm32f4xx_adc.o(i.ADC_Cmd) for ADC_Cmd
    adc.o(i._ZN3AdcC1EP11ADC_TypeDefhhhjR3Pin) refers to rt_memcpy_w.o(.text) for __aeabi_memcpy4
    adc.o(.ARM.exidx) refers to adc.o(i._ZN3AdcC1EP11ADC_TypeDefhhhjR3Pin) for i._ZN3AdcC1EP11ADC_TypeDefhhhjR3Pin
    adc.o(.ARM.exidx) refers to adc.o(i._ZN3Adc7adcInitEv) for i._ZN3Adc7adcInitEv
    adc.o(.ARM.exidx) refers to adc.o(i._ZN3Adc8startAdcEv) for i._ZN3Adc8startAdcEv
    adc.o(.ARM.exidx) refers to adc.o(i._ZN3Adc10setChannelEv) for i._ZN3Adc10setChannelEv
    adc.o(.ARM.exidx) refers to adc.o(i._ZN3Adc13sendMeChannelEh) for i._ZN3Adc13sendMeChannelEh
    adc.o(.ARM.exidx) refers to adc.o(i._ZN3Adc6getAdcEv) for i._ZN3Adc6getAdcEv
    adc.o(.ARM.exidx) refers to adc.o(i._ZN3Adc10adcDmaInitEv) for i._ZN3Adc10adcDmaInitEv
    dma.o(i._ZN3Dma12adcInitInDmaEv) refers to adc.o(i._ZN3Adc7adcInitEv) for Adc::adcInit()
    dma.o(i._ZN3Dma12adcInitInDmaEv) refers to adc.o(i._ZN3Adc8startAdcEv) for Adc::startAdc()
    dma.o(i._ZN3Dma12adcInitInDmaEv) refers to adc.o(i._ZN3Adc10setChannelEv) for Adc::setChannel()
    dma.o(i._ZN3Dma12adcInitInDmaEv) refers to adc.o(i._ZN3Adc10adcDmaInitEv) for Adc::adcDmaInit()
    dma.o(i._ZN3Dma7dmaInitEP18DMA_Stream_TypeDefjj) refers to stm32f4xx_rcc.o(i.RCC_AHB1PeriphClockCmd) for RCC_AHB1PeriphClockCmd
    dma.o(i._ZN3Dma7dmaInitEP18DMA_Stream_TypeDefjj) refers to stm32f4xx_dma.o(i.DMA_DeInit) for DMA_DeInit
    dma.o(i._ZN3Dma7dmaInitEP18DMA_Stream_TypeDefjj) refers to adc.o(i._ZN3Adc6getAdcEv) for Adc::getAdc()
    dma.o(i._ZN3Dma7dmaInitEP18DMA_Stream_TypeDefjj) refers to stm32f4xx_dma.o(i.DMA_Init) for DMA_Init
    dma.o(i._ZN3Dma7dmaInitEP18DMA_Stream_TypeDefjj) refers to stm32f4xx_dma.o(i.DMA_Cmd) for DMA_Cmd
    dma.o(i._ZN3DmaC1EjR3Adc) refers to rt_memcpy_w.o(.text) for __aeabi_memcpy4
    dma.o(.ARM.exidx) refers to dma.o(i._ZN3DmaC1EjR3Adc) for i._ZN3DmaC1EjR3Adc
    dma.o(.ARM.exidx) refers to dma.o(i._ZN3Dma7dmaInitEP18DMA_Stream_TypeDefjj) for i._ZN3Dma7dmaInitEP18DMA_Stream_TypeDefjj
    dma.o(.ARM.exidx) refers to dma.o(i._ZN3Dma12adcInitInDmaEv) for i._ZN3Dma12adcInitInDmaEv
    dma.o(.ARM.exidx) refers to dma.o(i._ZN3Dma10dataReturnEh) for i._ZN3Dma10dataReturnEh
    stm32f4xx_dma.o(i.DMA_ClearFlag) refers to retarget.o(i.assert_failed) for assert_failed
    stm32f4xx_dma.o(i.DMA_ClearITPendingBit) refers to retarget.o(i.assert_failed) for assert_failed
    stm32f4xx_dma.o(i.DMA_Cmd) refers to retarget.o(i.assert_failed) for assert_failed
    stm32f4xx_dma.o(i.DMA_DeInit) refers to retarget.o(i.assert_failed) for assert_failed
    stm32f4xx_dma.o(i.DMA_DoubleBufferModeCmd) refers to retarget.o(i.assert_failed) for assert_failed
    stm32f4xx_dma.o(i.DMA_DoubleBufferModeConfig) refers to retarget.o(i.assert_failed) for assert_failed
    stm32f4xx_dma.o(i.DMA_FlowControllerConfig) refers to retarget.o(i.assert_failed) for assert_failed
    stm32f4xx_dma.o(i.DMA_GetCmdStatus) refers to retarget.o(i.assert_failed) for assert_failed
    stm32f4xx_dma.o(i.DMA_GetCurrDataCounter) refers to retarget.o(i.assert_failed) for assert_failed
    stm32f4xx_dma.o(i.DMA_GetCurrentMemoryTarget) refers to retarget.o(i.assert_failed) for assert_failed
    stm32f4xx_dma.o(i.DMA_GetFIFOStatus) refers to retarget.o(i.assert_failed) for assert_failed
    stm32f4xx_dma.o(i.DMA_GetFlagStatus) refers to retarget.o(i.assert_failed) for assert_failed
    stm32f4xx_dma.o(i.DMA_GetITStatus) refers to retarget.o(i.assert_failed) for assert_failed
    stm32f4xx_dma.o(i.DMA_ITConfig) refers to retarget.o(i.assert_failed) for assert_failed
    stm32f4xx_dma.o(i.DMA_Init) refers to retarget.o(i.assert_failed) for assert_failed
    stm32f4xx_dma.o(i.DMA_MemoryTargetConfig) refers to retarget.o(i.assert_failed) for assert_failed
[...]
    i._ZN7softI2C6sclLowEv                   0x08003da4   Section        0  softi2c.o(i._ZN7softI2C6sclLowEv)
    i._ZN7softI2C6sdaLowEv                   0x08003db0   Section        0  softi2c.o(i._ZN7softI2C6sdaLowEv)
    i._ZN7softI2C7readAchEv                  0x08003dbe   Section        0  softi2c.o(i._ZN7softI2C7readAchEv)
    i._ZN7softI2C7sclHighEv                  0x08003e02   Section        0  softi2c.o(i._ZN7softI2C7sclHighEv)
    i._ZN7softI2C7sdaHighEv                  0x08003e0e   Section        0  softi2c.o(i._ZN7softI2C7sdaHighEv)
    i._ZN7softI2C7sdaReadEv                  0x08003e1c   Section        0  softi2c.o(i._ZN7softI2C7sdaReadEv)
    i._ZN7softI2C8writeBitEb                 0x08003e3e   Section        0  softi2c.o(i._ZN7softI2C8writeBitEb)
    i._ZN7softI2CC1ER3PinS1_                 0x08003e7a   Section        0  softi2c.o(i._ZN7softI2CC1ER3PinS1_)
    i._ZN9Gyroscope15getChangedAngleEv       0x08003ea8   Section        0  gyroscope.o(i._ZN9Gyroscope15getChangedAngleEv)
    i._ZN9Gyroscope16getStartingAngleEv      0x08003eb0   Section        0  gyroscope.o(i._ZN9Gyroscope16getStartingAngleEv)
    i._ZN9Gyroscope17calcStartingAngleEv     0x08003eb8   Section        0  gyroscope.o(i._ZN9Gyroscope17calcStartingAngleEv)
    i._ZN9Gyroscope8setAngleEs               0x08003f00   Section        0  gyroscope.o(i._ZN9Gyroscope8setAngleEs)
    i._ZN9Gyroscope9getImpactEv              0x0800400c   Section        0  gyroscope.o(i._ZN9Gyroscope9getImpactEv)
    i._ZN9Gyroscope9resetGyroEv              0x08004034   Section        0  gyroscope.o(i._ZN9Gyroscope9resetGyroEv)
    i._ZN9GyroscopeC1ER3PinS1_               0x08004064   Section        0  gyroscope.o(i._ZN9GyroscopeC1ER3PinS1_)
    i._ZN9IRlocator8getAngleEv               0x080040ec   Section        0  irlocator.o(i._ZN9IRlocator8getAngleEv)
    i._ZN9IRlocatorC1ER7softI2Cj             0x08004156   Section        0  irlocator.o(i._ZN9IRlocatorC1ER7softI2Cj)
    i._ZSt3absf                              0x08004174   Section        0  main.o(i._ZSt3absf)
    i._ZSt3cosf                              0x0800417e   Section        0  camera.o(i._ZSt3cosf)
    i.__ARM_fpclassify                       0x08004196   Section        0  fpclassify.o(i.__ARM_fpclassify)
    i.__cxa_guard_acquire                    0x080041c6   Section        0  cxa_guard_acquire.o(i.__cxa_guard_acquire)
    i.__hardfp_cos                           0x080041d8   Section        0  cos.o(i.__hardfp_cos)
    i.__hardfp_cosf                          0x080042a0   Section        0  cosf.o(i.__hardfp_cosf)
    i.__ieee754_rem_pio2                     0x080043f0   Section        0  rred.o(i.__ieee754_rem_pio2)
    i.__kernel_cos                           0x08004828   Section        0  cos_i.o(i.__kernel_cos)
    i.__kernel_poly                          0x08004998   Section        0  poly.o(i.__kernel_poly)
    i.__kernel_sin                           0x08004a90   Section        0  sin_i.o(i.__kernel_sin)
    i.__mathlib_dbl_infnan                   0x08004bc0   Section        0  dunder.o(i.__mathlib_dbl_infnan)
    i.__mathlib_dbl_invalid                  0x08004bd8   Section        0  dunder.o(i.__mathlib_dbl_invalid)
    i.__mathlib_dbl_underflow                0x08004bf8   Section        0  dunder.o(i.__mathlib_dbl_underflow)
    i.__mathlib_flt_infnan                   0x08004c18   Section        0  funder.o(i.__mathlib_flt_infnan)
    i.__mathlib_flt_invalid                  0x08004c20   Section        0  funder.o(i.__mathlib_flt_invalid)
    i.__mathlib_rredf2                       0x08004c30   Section        0  rredf.o(i.__mathlib_rredf2)
    i._sys_exit                              0x08004d84   Section        0  retarget.o(i._sys_exit)
    i.assert_failed                          0x08004d88   Section        0  retarget.o(i.assert_failed)
    i.fabs                                   0x08004d92   Section        0  fabs.o(i.fabs)
    i.main                                   0x08004dac   Section        0  main.o(i.main)
    x$fpl$basic                              0x08006564   Section       24  basic.o(x$fpl$basic)
    $v0                                      0x08006564   Number         0  basic.o(x$fpl$basic)
    x$fpl$dadd                               0x0800657c   Section      336  daddsub_clz.o(x$fpl$dadd)
    $v0                                      0x0800657c   Number         0  daddsub_clz.o(x$fpl$dadd)
    _dadd1                                   0x0800658d   Thumb Code     0  daddsub_clz.o(x$fpl$dadd)
    x$fpl$dcmpinf                            0x080066cc   Section       24  dcmpi.o(x$fpl$dcmpinf)
    $v0                                      0x080066cc   Number         0  dcmpi.o(x$fpl$dcmpinf)
    x$fpl$ddiv                               0x080066e4   Section      688  ddiv.o(x$fpl$ddiv)
    $v0                                      0x080066e4   Number         0  ddiv.o(x$fpl$ddiv)
    ddiv_entry                               0x080066eb   Thumb Code     0  ddiv.o(x$fpl$ddiv)
    x$fpl$dfix                               0x08006994   Section       94  dfix.o(x$fpl$dfix)
    $v0                                      0x08006994   Number         0  dfix.o(x$fpl$dfix)
    x$fpl$dflt                               0x080069f2   Section       46  dflt_clz.o(x$fpl$dflt)
    $v0                                      0x080069f2   Number         0  dflt_clz.o(x$fpl$dflt)
    x$fpl$dfltu                              0x08006a20   Section       38  dflt_clz.o(x$fpl$dfltu)
    $v0                                      0x08006a20   Number         0  dflt_clz.o(x$fpl$dfltu)
    x$fpl$dleqf                              0x08006a48   Section      120  dleqf.o(x$fpl$dleqf)
    $v0                                      0x08006a48   Number         0  dleqf.o(x$fpl$dleqf)
    x$fpl$dmul                               0x08006ac0   Section      340  dmul.o(x$fpl$dmul)
    $v0                                      0x08006ac0   Number         0  dmul.o(x$fpl$dmul)
    x$fpl$dnaninf                            0x08006c14   Section      156  dnaninf.o(x$fpl$dnaninf)
    $v0                                      0x08006c14   Number         0  dnaninf.o(x$fpl$dnaninf)
    x$fpl$dretinf                            0x08006cb0   Section       12  dretinf.o(x$fpl$dretinf)
    $v0                                      0x08006cb0   Number         0  dretinf.o(x$fpl$dretinf)
    x$fpl$drleqf                             0x08006cbc   Section      108  drleqf.o(x$fpl$drleqf)
    $v0                                      0x08006cbc   Number         0  drleqf.o(x$fpl$drleqf)
    x$fpl$drsb                               0x08006d28   Section       22  daddsub_clz.o(x$fpl$drsb)
    $v0                                      0x08006d28   Number         0  daddsub_clz.o(x$fpl$drsb)
    x$fpl$dsub                               0x08006d40   Section      468  daddsub_clz.o(x$fpl$dsub)
    $v0                                      0x08006d40   Number         0  daddsub_clz.o(x$fpl$dsub)
    _dsub1                                   0x08006d51   Thumb Code     0  daddsub_clz.o(x$fpl$dsub)
    x$fpl$fpinit                             0x08006f14   Section       10  fpinit.o(x$fpl$fpinit)
    $v0                                      0x08006f14   Number         0  fpinit.o(x$fpl$fpinit)
    x$fpl$llsfromd                           0x08006f20   Section      194  dfixll.o(x$fpl$llsfromd)
    $v0                                      0x08006f20   Number         0  dfixll.o(x$fpl$llsfromd)
    .constdata                               0x08006fe2   Section       61  retarget.o(.constdata)
    x$fpl$usenofp                            0x08006fe2   Section        0  usenofp.o(x$fpl$usenofp)
    __tagsym$$used                           0x08006fe2   Number         0  retarget.o(.constdata)
    date_time_commit                         0x08006fe2   Data          61  retarget.o(.constdata)
    .constdata                               0x08007020   Section       48  cos_i.o(.constdata)
    C                                        0x08007020   Data          48  cos_i.o(.constdata)
    .constdata                               0x08007050   Section      200  rred.o(.constdata)
    pio2s                                    0x08007050   Data          48  rred.o(.constdata)
    twooverpi                                0x08007080   Data         152  rred.o(.constdata)
    .constdata                               0x08007118   Section       32  rredf.o(.constdata)
    twooverpi                                0x08007118   Data          32  rredf.o(.constdata)
    .constdata                               0x08007138   Section       40  sin_i.o(.constdata)
    S                                        0x08007138   Data          40  sin_i.o(.constdata)
    .data                                    0x20000000   Section       16  stm32f4xx_rcc.o(.data)
    APBAHBPrescTable                         0x20000000   Data          16  stm32f4xx_rcc.o(.data)
    .data                                    0x20000010   Section        4  time_service.o(.data)
    .data                                    0x20000014   Section      112  main.o(.data)
    _ZGVcam                                  0x20000014   Data           4  main.o(.data)
    _ZGVgyro                                 0x20000018   Data           4  main.o(.data)
    _ZGVballControl                          0x2000001c   Data           4  main.o(.data)
    _ZGVsdaIR                                0x20000020   Data           4  main.o(.data)
    _ZGVsclIR                                0x20000024   Data           4  main.o(.data)
    _ZGVrxGyro                               0x20000028   Data           4  main.o(.data)
    _ZGVtxGyro                               0x2000002c   Data           4  main.o(.data)
    _ZGVrxCam                                0x20000030   Data           4  main.o(.data)
    _ZGVtxCam                                0x20000034   Data           4  main.o(.data)
    _ZGVrxLB                                 0x20000038   Data           4  main.o(.data)
    _ZGVtxLB                                 0x2000003c   Data           4  main.o(.data)
    _ZGVswitchPin                            0x20000040   Data           4  main.o(.data)
    _ZGVrxB1                                 0x20000044   Data           4  main.o(.data)
    _ZGVtxB1                                 0x20000048   Data           4  main.o(.data)
    _ZGVballSignal                           0x2000004c   Data           4  main.o(.data)
    _ZGVm4                                   0x20000050   Data           4  main.o(.data)
    _ZGVm4In1                                0x20000054   Data           4  main.o(.data)
    _ZGVm4In2                                0x20000058   Data           4  main.o(.data)
    _ZGVm3                                   0x2000005c   Data           4  main.o(.data)
    _ZGVm3In2                                0x20000060   Data           4  main.o(.data)
    _ZGVm3In1                                0x20000064   Data           4  main.o(.data)
    _ZGVm2                                   0x20000068   Data           4  main.o(.data)
    _ZGVm2In2                                0x2000006c   Data           4  main.o(.data)
    _ZGVm2In1                                0x20000070   Data           4  main.o(.data)
    _ZGVm1                                   0x20000074   Data           4  main.o(.data)
    _ZGVm1In1                                0x20000078   Data           4  main.o(.data)
    _ZGVdribbler                             0x2000007c   Data           4  main.o(.data)
    _ZGVm1In2                                0x20000080   Data           4  main.o(.data)
    .data                                    0x20000084   Section        4  system_stm32f4xx.o(.data)
    .data                                    0x20000088   Section       10  usart3.o(.data)
    .data                                    0x20000092   Section       26  usart6.o(.data)
    .data                                    0x200000ac   Section       10  usart2.o(.data)
    .data                                    0x200000b6   Section       10  usart1.o(.data)
    .bss                                     0x200000c0   Section     1300  main.o(.bss)
    m1In2                                    0x200000c0   Data          40  main.o(.bss)
    dribbler                                 0x200000e8   Data          40  main.o(.bss)
    m1In1                                    0x20000110   Data          40  main.o(.bss)
    m1                                       0x20000138   Data          28  main.o(.bss)
    m2In1                                    0x20000154   Data          40  main.o(.bss)
    m2In2                                    0x2000017c   Data          40  main.o(.bss)
    m2                                       0x200001a4   Data          28  main.o(.bss)
    m3In1                                    0x200001c0   Data          40  main.o(.bss)
    m3In2                                    0x200001e8   Data          40  main.o(.bss)
    m3                                       0x20000210   Data          28  main.o(.bss)
    m4In2                                    0x2000022c   Data          40  main.o(.bss)
    m4In1                                    0x20000254   Data          40  main.o(.bss)
    m4                                       0x2000027c   Data          28  main.o(.bss)
    ballSignal                               0x20000298   Data          40  main.o(.bss)
    txB1                                     0x200002c0   Data          40  main.o(.bss)
    rxB1                                     0x200002e8   Data          40  main.o(.bss)
    switchPin                                0x20000310   Data          40  main.o(.bss)
    txLB                                     0x20000338   Data          40  main.o(.bss)
    rxLB                                     0x20000360   Data          40  main.o(.bss)
    txCam                                    0x20000388   Data          40  main.o(.bss)
    rxCam                                    0x200003b0   Data          40  main.o(.bss)
    txGyro                                   0x200003d8   Data          40  main.o(.bss)
    rxGyro                                   0x20000400   Data          40  main.o(.bss)
    sclIR                                    0x20000428   Data          40  main.o(.bss)
    sdaIR                                    0x20000450   Data          40  main.o(.bss)
    ballControl                              0x20000478   Data         120  main.o(.bss)
    gyro                                     0x200004f0   Data         128  main.o(.bss)
    cam                                      0x20000570   Data         100  main.o(.bss)
    .bss                                     0x200005d4   Section     1024  usart3.o(.bss)
    .bss                                     0x200009d4   Section       32  usart2.o(.bss)
    .bss                                     0x200009f4   Section     1024  usart1.o(.bss)
    .bss                                     0x20000df4   Section       96  libspace.o(.bss)
    HEAP                                     0x20000e58   Section      512  startup_stm32f407xx.o(HEAP)
    Heap_Mem                                 0x20000e58   Data         512  startup_stm32f407xx.o(HEAP)
    STACK                                    0x20001058   Section     1024  startup_stm32f407xx.o(STACK)
    Stack_Mem                                0x20001058   Data        1024  startup_stm32f407xx.o(STACK)
    __initial_sp                             0x20001458   Data           0  startup_stm32f407xx.o(STACK)

    Global Symbols

    Symbol Name                              Value     Ov Type        Size  Object(Section)

    BuildAttributes$$THM_ISAv4$E$P$D$K$B$S$7EM$VFPi3$EXTD16$VFPS$VFMA$PE$A:L22UL41UL21$X:L11$S22US41US21$IEEE1$IW$USESV6$~STKCKD$USESV7$~SHL$OTIME$ROPI$IEEEX$EBA8$UX$STANDARDLIB$REQ8$PRES8$EABIv2 0x00000000   Number         0  anon$$obj.o ABSOLUTE
    __ARM_use_no_argv                        0x00000000   Number         0  main.o ABSOLUTE
    __ARM_exceptions_init                     - Undefined Weak Reference
    __alloca_initialize                       - Undefined Weak Reference
    __arm_preinit_                            - Undefined Weak Reference
    __cpp_initialize__aeabi_                  - Undefined Weak Reference
    __cxa_finalize                            - Undefined Weak Reference
    __rt_locale                               - Undefined Weak Reference
    __sigvec_lookup                           - Undefined Weak Reference
    _atexit_init                              - Undefined Weak Reference
    _call_atexit_fns                          - Undefined Weak Reference
    _clock_init                               - Undefined Weak Reference
    _fp_trap_init                             - Undefined Weak Reference
    _fp_trap_shutdown                         - Undefined Weak Reference
    _get_lc_collate                           - Undefined Weak Reference
    _get_lc_ctype                             - Undefined Weak Reference
    _get_lc_monetary                          - Undefined Weak Reference
    _get_lc_numeric                           - Undefined Weak Reference
    _get_lc_time                              - Undefined Weak Reference
    _getenv_init                              - Undefined Weak Reference
    _handle_redirection                       - Undefined Weak Reference
    _init_alloc                               - Undefined Weak Reference
    _init_user_alloc                          - Undefined Weak Reference
    _initio                                   - Undefined Weak Reference
    _rand_init                                - Undefined Weak Reference
    _signal_finish                            - Undefined Weak Reference
    _signal_init                              - Undefined Weak Reference
    _terminate_alloc                          - Undefined Weak Reference
    _terminate_user_alloc                     - Undefined Weak Reference
    _terminateio                              - Undefined Weak Reference
    __Vectors_Size                           0x00000188   Number         0  startup_stm32f407xx.o ABSOLUTE
    __Vectors                                0x08000000   Data           4  startup_stm32f407xx.o(RESET)
    __Vectors_End                            0x08000188   Data           0  startup_stm32f407xx.o(RESET)
    __main                                   0x08000189   Thumb Code     8  __main.o(!!!main)
    __scatterload                            0x08000191   Thumb Code     0  __scatter.o(!!!scatter)
    __scatterload_rt2                        0x08000191   Thumb Code    44  __scatter.o(!!!scatter)
    __scatterload_rt2_thumb_only             0x08000191   Thumb Code     0  __scatter.o(!!!scatter)
    __scatterload_null                       0x0800019f   Thumb Code     0  __scatter.o(!!!scatter)
    __scatterload_copy                       0x080001c5   Thumb Code    26  __scatter_copy.o(!!handler_copy)
    __scatterload_zeroinit                   0x080001e1   Thumb Code    28  __scatter_zi.o(!!handler_zi)
    __rt_lib_init                            0x080001fd   Thumb Code     0  libinit.o(.ARM.Collect$$libinit$$00000000)
    __rt_lib_init_fp_1                       0x080001ff   Thumb Code     0  libinit2.o(.ARM.Collect$$libinit$$00000001)
    __rt_lib_init_alloca_1                   0x08000203   Thumb Code     0  libinit2.o(.ARM.Collect$$libinit$$0000002E)
    __rt_lib_init_argv_1                     0x08000203   Thumb Code     0  libinit2.o(.ARM.Collect$$libinit$$0000002C)
    __rt_lib_init_atexit_1                   0x08000203   Thumb Code     0  libinit2.o(.ARM.Collect$$libinit$$0000001B)
    __rt_lib_init_clock_1                    0x08000203   Thumb Code     0  libinit2.o(.ARM.Collect$$libinit$$00000021)
    __rt_lib_init_cpp_1                      0x08000203   Thumb Code     0  libinit2.o(.ARM.Collect$$libinit$$00000032)
    __rt_lib_init_exceptions_1               0x08000203   Thumb Code     0  libinit2.o(.ARM.Collect$$libinit$$00000030)
    __rt_lib_init_fp_trap_1                  0x08000203   Thumb Code     0  libinit2.o(.ARM.Collect$$libinit$$0000001F)
    __rt_lib_init_getenv_1                   0x08000203   Thumb Code     0  libinit2.o(.ARM.Collect$$libinit$$00000023)
    __rt_lib_init_heap_1                     0x08000203   Thumb Code     0  libinit2.o(.ARM.Collect$$libinit$$0000000A)
    __rt_lib_init_lc_collate_1               0x08000203   Thumb Code     0  libinit2.o(.ARM.Collect$$libinit$$00000011)
    __rt_lib_init_lc_ctype_1                 0x08000203   Thumb Code     0  libinit2.o(.ARM.Collect$$libinit$$00000013)
    __rt_lib_init_lc_monetary_1              0x08000203   Thumb Code     0  libinit2.o(.ARM.Collect$$libinit$$00000015)
    __rt_lib_init_lc_numeric_1               0x08000203   Thumb Code     0  libinit2.o(.ARM.Collect$$libinit$$00000017)
    __rt_lib_init_lc_time_1                  0x08000203   Thumb Code     0  libinit2.o(.ARM.Collect$$libinit$$00000019)
    __rt_lib_init_preinit_1                  0x08000203   Thumb Code     0  libinit2.o(.ARM.Collect$$libinit$$00000004)
    __rt_lib_init_rand_1                     0x08000203   Thumb Code     0  libinit2.o(.ARM.Collect$$libinit$$0000000E)
    __rt_lib_init_return                     0x08000203   Thumb Code     0  libinit2.o(.ARM.Collect$$libinit$$00000033)
    __rt_lib_init_signal_1                   0x08000203   Thumb Code     0  libinit2.o(.ARM.Collect$$libinit$$0000001D)
    __rt_lib_init_stdio_1                    0x08000203   Thumb Code     0  libinit2.o(.ARM.Collect$$libinit$$00000025)
    __rt_lib_init_user_alloc_1               0x08000203   Thumb Code     0  libinit2.o(.ARM.Collect$$libinit$$0000000C)
    __rt_lib_shutdown                        0x08000205   Thumb Code     0  libshutdown.o(.ARM.Collect$$libshutdown$$00000000)
    __rt_lib_shutdown_cpp_1                  0x08000207   Thumb Code     0  libshutdown2.o(.ARM.Collect$$libshutdown$$00000002)
    __rt_lib_shutdown_fp_trap_1              0x08000207   Thumb Code     0  libshutdown2.o(.ARM.Collect$$libshutdown$$00000007)
    __rt_lib_shutdown_heap_1                 0x08000207   Thumb Code     0  libshutdown2.o(.ARM.Collect$$libshutdown$$0000000F)
    __rt_lib_shutdown_return                 0x08000207   Thumb Code     0  libshutdown2.o(.ARM.Collect$$libshutdown$$00000010)
    __rt_lib_shutdown_signal_1               0x08000207   Thumb Code     0  libshutdown2.o(.ARM.Collect$$libshutdown$$0000000A)
    __rt_lib_shutdown_stdio_1                0x08000207   Thumb Code     0  libshutdown2.o(.ARM.Collect$$libshutdown$$00000004)
    __rt_lib_shutdown_user_alloc_1           0x08000207   Thumb Code     0  libshutdown2.o(.ARM.Collect$$libshutdown$$0000000C)
    __rt_entry                               0x08000209   Thumb Code     0  __rtentry.o(.ARM.Collect$$rtentry$$00000000)
    __rt_entry_presh_1                       0x08000209   Thumb Code     0  __rtentry2.o(.ARM.Collect$$rtentry$$00000002)
    __rt_entry_sh                            0x08000209   Thumb Code     0  __rtentry4.o(.ARM.Collect$$rtentry$$00000004)
    __rt_entry_li                            0x0800020f   Thumb Code     0  __rtentry2.o(.ARM.Collect$$rtentry$$0000000A)
    __rt_entry_postsh_1                      0x0800020f   Thumb Code     0  __rtentry2.o(.ARM.Collect$$rtentry$$00000009)
    __rt_entry_main                          0x08000213   Thumb Code     0  __rtentry2.o(.ARM.Collect$$rtentry$$0000000D)
    __rt_entry_postli_1                      0x08000213   Thumb Code     0  __rtentry2.o(.ARM.Collect$$rtentry$$0000000C)
    __rt_exit                                0x0800021b   Thumb Code     0  rtexit.o(.ARM.Collect$$rtexit$$00000000)
    __rt_exit_ls                             0x0800021d   Thumb Code     0  rtexit2.o(.ARM.Collect$$rtexit$$00000003)
    __rt_exit_prels_1                        0x0800021d   Thumb Code     0  rtexit2.o(.ARM.Collect$$rtexit$$00000002)
    __rt_exit_exit                           0x08000221   Thumb Code     0  rtexit2.o(.ARM.Collect$$rtexit$$00000004)
    Reset_Handler                            0x08000229   Thumb Code     8  startup_stm32f407xx.o(.text)
    NMI_Handler                              0x08000231   Thumb Code     2  startup_stm32f407xx.o(.text)
    HardFault_Handler                        0x08000233   Thumb Code     2  startup_stm32f407xx.o(.text)
    MemManage_Handler                        0x08000235   Thumb Code     2  startup_stm32f407xx.o(.text)
    BusFault_Handler                         0x08000237   Thumb Code     2  startup_stm32f407xx.o(.text)
    UsageFault_Handler                       0x08000239   Thumb Code     2  startup_stm32f407xx.o(.text)
    SVC_Handler                              0x0800023b   Thumb Code     2  startup_stm32f407xx.o(.text)
    DebugMon_Handler                         0x0800023d   Thumb Code     2  startup_stm32f407xx.o(.text)
    PendSV_Handler                           0x0800023f   Thumb Code     2  startup_stm32f407xx.o(.text)
    ADC_IRQHandler                           0x08000243   Thumb Code     0  startup_stm32f407xx.o(.text)
    CAN1_RX0_IRQHandler                      0x08000243   Thumb Code     0  startup_stm32f407xx.o(.text)
    CAN1_RX1_IRQHandler                      0x08000243   Thumb Code     0  startup_stm32f407xx.o(.text)
    CAN1_SCE_IRQHandler                      0x08000243   Thumb Code     0  startup_stm32f407xx.o(.text)
    CAN1_TX_IRQHandler                       0x08000243   Thumb Code     0  startup_stm32f407xx.o(.text)
    CAN2_RX0_IRQHandler                      0x08000243   Thumb Code     0  startup_stm32f407xx.o(.text)
    CAN2_RX1_IRQHandler                      0x08000243   Thumb Code     0  startup_stm32f407xx.o(.text)
    CAN2_SCE_IRQHandler                      0x08000243   Thumb Code     0  startup_stm32f407xx.o(.text)
    CAN2_TX_IRQHandler                       0x08000243   Thumb Code     0  startup_stm32f407xx.o(.text)
    DCMI_IRQHandler                          0x08000243   Thumb Code     0  startup_stm32f407xx.o(.text)
    DMA1_Stream0_IRQHandler                  0x08000243   Thumb Code     0  startup_stm32f407xx.o(.text)
    DMA1_Stream1_IRQHandler                  0x08000243   Thumb Code     0  startup_stm32f407xx.o(.text)
    DMA1_Stream2_IRQHandler                  0x08000243   Thumb Code     0  startup_stm32f407xx.o(.text)
    DMA1_Stream3_IRQHandler                  0x08000243   Thumb Code     0  startup_stm32f407xx.o(.text)
    DMA1_Stream4_IRQHandler                  0x08000243   Thumb Code     0  startup_stm32f407xx.o(.text)
    DMA1_Stream5_IRQHandler                  0x08000243   Thumb Code     0  startup_stm32f407xx.o(.text)
    DMA1_Stream6_IRQHandler                  0x08000243   Thumb Code     0  startup_stm32f407xx.o(.text)
    DMA1_Stream7_IRQHandler                  0x08000243   Thumb Code     0  startup_stm32f407xx.o(.text)
    DMA2_Stream0_IRQHandler                  0x08000243   Thumb Code     0  startup_stm32f407xx.o(.text)
    DMA2_Stream1_IRQHandler                  0x08000243   Thumb Code     0  startup_stm32f407xx.o(.text)
    DMA2_Stream2_IRQHandler                  0x08000243   Thumb Code     0  startup_stm32f407xx.o(.text)
    DMA2_Stream3_IRQHandler                  0x08000243   Thumb Code     0  startup_stm32f407xx.o(.text)
    DMA2_Stream4_IRQHandler                  0x08000243   Thumb Code     0  startup_stm32f407xx.o(.text)
    DMA2_Stream5_IRQHandler                  0x08000243   Thumb Code     0  startup_stm32f407xx.o(.text)
    DMA2_Stream6_IRQHandler                  0x08000243   Thumb Code     0  startup_stm32f407xx.o(.text)
    DMA2_Stream7_IRQHandler                  0x08000243   Thumb Code     0  startup_stm32f407xx.o(.text)
    ETH_IRQHandler                           0x08000243   Thumb Code     0  startup_stm32f407xx.o(.text)
    ETH_WKUP_IRQHandler                      0x08000243   Thumb Code     0  startup_stm32f407xx.o(.text)
    EXTI0_IRQHandler                         0x08000243   Thumb Code     0  startup_stm32f407xx.o(.text)
    EXTI15_10_IRQHandler                     0x08000243   Thumb Code     0  startup_stm32f407xx.o(.text)
    EXTI1_IRQHandler                         0x08000243   Thumb Code     0  startup_stm32f407xx.o(.text)
    EXTI2_IRQHandler                         0x08000243   Thumb Code     0  startup_stm32f407xx.o(.text)
    EXTI3_IRQHandler                         0x08000243   Thumb Code     0  startup_stm32f407xx.o(.text)
    EXTI4_IRQHandler                         0x08000243   Thumb Code     0  startup_stm32f407xx.o(.text)
    EXTI9_5_IRQHandler                       0x08000243   Thumb Code     0  startup_stm32f407xx.o(.text)
    FLASH_IRQHandler                         0x08000243   Thumb Code     0  startup_stm32f407xx.o(.text)
    FMC_IRQHandler                           0x08000243   Thumb Code     0  startup_stm32f407xx.o(.text)
    FPU_IRQHandler                           0x08000243   Thumb Code     0  startup_stm32f407xx.o(.text)
    HASH_RNG_IRQHandler                      0x08000243   Thumb Code     0  startup_stm32f407xx.o(.text)
    I2C1_ER_IRQHandler                       0x08000243   Thumb Code     0  startup_stm32f407xx.o(.text)
    I2C1_EV_IRQHandler                       0x08000243   Thumb Code     0  startup_stm32f407xx.o(.text)
    I2C2_ER_IRQHandler                       0x08000243   Thumb Code     0  startup_stm32f407xx.o(.text)
    I2C2_EV_IRQHandler                       0x08000243   Thumb Code     0  startup_stm32f407xx.o(.text)
    I2C3_ER_IRQHandler                       0x08000243   Thumb Code     0  startup_stm32f407xx.o(.text)
    I2C3_EV_IRQHandler                       0x08000243   Thumb Code     0  startup_stm32f407xx.o(.text)
    OTG_FS_IRQHandler                        0x08000243   Thumb Code     0  startup_stm32f407xx.o(.text)
    OTG_FS_WKUP_IRQHandler                   0x08000243   Thumb Code     0  startup_stm32f407xx.o(.text)
    OTG_HS_EP1_IN_IRQHandler                 0x08000243   Thumb Code     0  startup_stm32f407xx.o(.text)
    OTG_HS_EP1_OUT_IRQHandler                0x08000243   Thumb Code     0  startup_stm32f407xx.o(.text)
    OTG_HS_IRQHandler                        0x08000243   Thumb Code     0  startup_stm32f407xx.o(.text)
    OTG_HS_WKUP_IRQHandler                   0x08000243   Thumb Code     0  startup_stm32f407xx.o(.text)
    PVD_IRQHandler                           0x08000243   Thumb Code     0  startup_stm32f407xx.o(.text)
    RCC_IRQHandler                           0x08000243   Thumb Code     0  startup_stm32f407xx.o(.text)
    RTC_Alarm_IRQHandler                     0x08000243   Thumb Code     0  startup_stm32f407xx.o(.text)
    RTC_WKUP_IRQHandler                      0x08000243   Thumb Code     0  startup_stm32f407xx.o(.text)
    SDIO_IRQHandler                          0x08000243   Thumb Code     0  startup_stm32f407xx.o(.text)
    SPI1_IRQHandler                          0x08000243   Thumb Code     0  startup_stm32f407xx.o(.text)
    SPI2_IRQHandler                          0x08000243   Thumb Code     0  startup_stm32f407xx.o(.text)
    SPI3_IRQHandler                          0x08000243   Thumb Code     0  startup_stm32f407xx.o(.text)
    TAMP_STAMP_IRQHandler                    0x08000243   Thumb Code     0  startup_stm32f407xx.o(.text)
    TIM1_BRK_TIM9_IRQHandler                 0x08000243   Thumb Code     0  startup_stm32f407xx.o(.text)
    TIM1_CC_IRQHandler                       0x08000243   Thumb Code     0  startup_stm32f407xx.o(.text)
    TIM1_TRG_COM_TIM11_IRQHandler            0x08000243   Thumb Code     0  startup_stm32f407xx.o(.text)
    TIM1_UP_TIM10_IRQHandler                 0x08000243   Thumb Code     0  startup_stm32f407xx.o(.text)
    TIM2_IRQHandler                          0x08000243   Thumb Code     0  startup_stm32f407xx.o(.text)
    TIM3_IRQHandler                          0x08000243   Thumb Code     0  startup_stm32f407xx.o(.text)
    TIM4_IRQHandler                          0x08000243   Thumb Code     0  startup_stm32f407xx.o(.text)
    TIM5_IRQHandler                          0x08000243   Thumb Code     0  startup_stm32f407xx.o(.text)
    TIM6_DAC_IRQHandler                      0x08000243   Thumb Code     0  startup_stm32f407xx.o(.text)
    TIM7_IRQHandler                          0x08000243   Thumb Code     0  startup_stm32f407xx.o(.text)
    TIM8_BRK_TIM12_IRQHandler                0x08000243   Thumb Code     0  startup_stm32f407xx.o(.text)
    TIM8_CC_IRQHandler                       0x08000243   Thumb Code     0  startup_stm32f407xx.o(.text)
    TIM8_TRG_COM_TIM14_IRQHandler            0x08000243   Thumb Code     0  startup_stm32f407xx.o(.text)
    TIM8_UP_TIM13_IRQHandler                 0x08000243   Thumb Code     0  startup_stm32f407xx.o(.text)
    UART4_IRQHandler                         0x08000243   Thumb Code     0  startup_stm32f407xx.o(.text)
    UART5_IRQHandler                         0x08000243   Thumb Code     0  startup_stm32f407xx.o(.text)
    WWDG_IRQHandler                          0x08000243   Thumb Code     0  startup_stm32f407xx.o(.text)
    __user_initial_stackheap                 0x08000245   Thumb Code     0  startup_stm32f407xx.o(.text)
    __semihosting$guard                      0x08000269   Thumb Code     0  use_no_semi.o(.text)
    __use_no_semihosting_swi                 0x08000269   Thumb Code     2  use_no_semi.o(.text)
    __aeabi_memcpy4                          0x0800026b   Thumb Code     0  rt_memcpy_w.o(.text)
    __aeabi_memcpy8                          0x0800026b   Thumb Code     0  rt_memcpy_w.o(.text)
    __rt_memcpy_w                            0x0800026b   Thumb Code   100  rt_memcpy_w.o(.text)
    _memcpy_lastbytes_aligned                0x080002b3   Thumb Code     0  rt_memcpy_w.o(.text)
    __use_two_region_memory                  0x080002cf   Thumb Code     2  heapauxi.o(.text)
    __rt_heap_escrow$2region                 0x080002d1   Thumb Code     2  heapauxi.o(.text)
    __rt_heap_expand$2region                 0x080002d3   Thumb Code     2  heapauxi.o(.text)
    __read_errno                             0x080002d5   Thumb Code    10  _rserrno.o(.text)
    __set_errno                              0x080002df   Thumb Code    12  _rserrno.o(.text)
    __aeabi_errno_addr                       0x080002ed   Thumb Code     8  rt_errno_addr_intlibspace.o(.text)
    __errno$intlibspace                      0x080002ed   Thumb Code     0  rt_errno_addr_intlibspace.o(.text)
    __rt_errno_addr$intlibspace              0x080002ed   Thumb Code     0  rt_errno_addr_intlibspace.o(.text)
    __user_libspace                          0x080002f5   Thumb Code     8  libspace.o(.text)
    __user_perproc_libspace                  0x080002f5   Thumb Code     0  libspace.o(.text)
    __user_perthread_libspace                0x080002f5   Thumb Code     0  libspace.o(.text)
    __user_setup_stackheap                   0x080002fd   Thumb Code    74  sys_stackheap_outer.o(.text)
    exit                                     0x08000347   Thumb Code    18  exit.o(.text)
    ADC_Cmd                                  0x08000359   Thumb Code    76  stm32f4xx_adc.o(i.ADC_Cmd)
    ADC_CommonInit                           0x080003d1   Thumb Code   342  stm32f4xx_adc.o(i.ADC_CommonInit)
    ADC_DMACmd                               0x08000555   Thumb Code    76  stm32f4xx_adc.o(i.ADC_DMACmd)
    ADC_DMARequestAfterLastTransferCmd       0x080005cd   Thumb Code    76  stm32f4xx_adc.o(i.ADC_DMARequestAfterLastTransferCmd)
    ADC_EOCOnEachRegularChannelCmd           0x08000645   Thumb Code    76  stm32f4xx_adc.o(i.ADC_EOCOnEachRegularChannelCmd)
    ADC_Init                                 0x080006bd   Thumb Code   402  stm32f4xx_adc.o(i.ADC_Init)
    ADC_RegularChannelConfig                 0x08000885   Thumb Code   408  stm32f4xx_adc.o(i.ADC_RegularChannelConfig)
    ADC_SoftwareStartConv                    0x08000a49   Thumb Code    44  stm32f4xx_adc.o(i.ADC_SoftwareStartConv)
    DMA_Cmd                                  0x08000aa1   Thumb Code   182  stm32f4xx_dma.o(i.DMA_Cmd)
    DMA_DeInit                               0x08000b81   Thumb Code   462  stm32f4xx_dma.o(i.DMA_DeInit)
    DMA_Init                                 0x08000d85   Thumb Code   658  stm32f4xx_dma.o(i.DMA_Init)
    GPIO_Init                                0x08001045   Thumb Code   352  stm32f4xx_gpio.o(i.GPIO_Init)
    GPIO_PinAFConfig                         0x080011f1   Thumb Code   352  stm32f4xx_gpio.o(i.GPIO_PinAFConfig)
    RCC_AHB1PeriphClockCmd                   0x0800139d   Thumb Code    70  stm32f4xx_rcc.o(i.RCC_AHB1PeriphClockCmd)
    RCC_APB1PeriphClockCmd                   0x0800140d   Thumb Code    70  stm32f4xx_rcc.o(i.RCC_APB1PeriphClockCmd)
    RCC_APB2PeriphClockCmd                   0x08001479   Thumb Code    70  stm32f4xx_rcc.o(i.RCC_APB2PeriphClockCmd)
    RCC_GetClocksFreq                        0x080014e9   Thumb Code   214  stm32f4xx_rcc.o(i.RCC_GetClocksFreq)
    SysTick_Handler                          0x080015d1   Thumb Code    12  time_service.o(i.SysTick_Handler)
    SystemInit                               0x080015e1   Thumb Code    82  system_stm32f4xx.o(i.SystemInit)
    TIM_BDTRConfig                           0x08001645   Thumb Code   222  stm32f4xx_tim.o(i.TIM_BDTRConfig)
    TIM_Cmd                                  0x0800174d   Thumb Code   144  stm32f4xx_tim.o(i.TIM_Cmd)
    TIM_CtrlPWMOutputs                       0x08001831   Thumb Code    78  stm32f4xx_tim.o(i.TIM_CtrlPWMOutputs)
    TIM_OC1Init                              0x080018a9   Thumb Code   400  stm32f4xx_tim.o(i.TIM_OC1Init)
    TIM_OC2Init                              0x08001a85   Thumb Code   416  stm32f4xx_tim.o(i.TIM_OC2Init)
    TIM_OC3Init                              0x08001c61   Thumb Code   400  stm32f4xx_tim.o(i.TIM_OC3Init)
    TIM_OC4Init                              0x08001e25   Thumb Code   290  stm32f4xx_tim.o(i.TIM_OC4Init)
    TIM_SetCompare1                          0x08001f7d   Thumb Code    94  stm32f4xx_tim.o(i.TIM_SetCompare1)
    TIM_SetCompare2                          0x08002029   Thumb Code    70  stm32f4xx_tim.o(i.TIM_SetCompare2)
    TIM_SetCompare3                          0x080020ad   Thumb Code    58  stm32f4xx_tim.o(i.TIM_SetCompare3)
    TIM_SetCompare4                          0x0800211d   Thumb Code    58  stm32f4xx_tim.o(i.TIM_SetCompare4)
    TIM_TimeBaseInit                         0x0800218d   Thumb Code   278  stm32f4xx_tim.o(i.TIM_TimeBaseInit)
    USART1_IRQHandler                        0x080022f9   Thumb Code   146  usart1.o(i.USART1_IRQHandler)
    USART2_IRQHandler                        0x080023a9   Thumb Code   148  usart2.o(i.USART2_IRQHandler)
    USART3_IRQHandler                        0x08002459   Thumb Code   152  usart3.o(i.USART3_IRQHandler)
    USART6_IRQHandler                        0x0800250d   Thumb Code   148  usart6.o(i.USART6_IRQHandler)
    USART_ClearITPendingBit                  0x080025bd   Thumb Code   188  stm32f4xx_usart.o(i.USART_ClearITPendingBit)
    USART_Cmd                                0x080026c1   Thumb Code   120  stm32f4xx_usart.o(i.USART_Cmd)
    USART_ITConfig                           0x08002781   Thumb Code   284  stm32f4xx_usart.o(i.USART_ITConfig)
    USART_Init                               0x080028e5   Thumb Code   492  stm32f4xx_usart.o(i.USART_Init)
    homeGoalGLY(Camera&, Gyroscope&)         0x08002b1d   Thumb Code    50  main.o(i._Z11homeGoalGLYR6CameraR9Gyroscope)
    enemyGoalGLY(Camera&, Gyroscope&)        0x08002b4f   Thumb Code    50  main.o(i._Z12enemyGoalGLYR6CameraR9Gyroscope)
    homeGoalAngle(Camera&)                   0x08002b81   Thumb Code    12  main.o(i._Z13homeGoalAngleR6Camera)
    max(int, int)                            0x08002b8d   Thumb Code    14  main.o(i._Z3maxii)
    min(int, int)                            0x08002b9b   Thumb Code    14  main.o(i._Z3minii)
    lowerBoard::read()                       0x08002ba9   Thumb Code    24  lower_board.o(i._ZN10lowerBoard4readEv)
    lowerBoard::getValue()                   0x08002bc1   Thumb Code     8  lower_board.o(i._ZN10lowerBoard8getValueEv)
    lowerBoard::lowerBoard(Pin&, Pin&)       0x08002bc9   Thumb Code    52  lower_board.o(i._ZN10lowerBoardC1ER3PinS1_)
    lowerBoard::lowerBoard__sub_object(Pin&, Pin&) 0x08002bc9   Thumb Code     0  lower_board.o(i._ZN10lowerBoardC1ER3PinS1_)
    mathematics::calculateSpeed(short, int, int&, int&, int&, int&) 0x08002bfd   Thumb Code   358  mathematics.o(i._ZN11mathematics14calculateSpeedEsiRiS0_S0_S0_)
    mathematics::mathematics(IRlocator&)     0x08002d6d   Thumb Code    40  mathematics.o(i._ZN11mathematicsC1ER9IRlocator)
    mathematics::mathematics__sub_object(IRlocator&) 0x08002d6d   Thumb Code     0  mathematics.o(i._ZN11mathematicsC1ER9IRlocator)
    robotMotion::move(long long, long long, long long, long long) 0x08002d95   Thumb Code    60  motion_control.o(i._ZN11robotMotion4moveExxxx)
    robotMotion::robotInit()                 0x08002dd1   Thumb Code    30  motion_control.o(i._ZN11robotMotion9robotInitEv)
    robotMotion::robotMotion(Motor&, Motor&, Motor&, Motor&) 0x08002def   Thumb Code    14  motion_control.o(i._ZN11robotMotionC1ER5MotorS1_S1_S1_)
    robotMotion::robotMotion__sub_object(Motor&, Motor&, Motor&, Motor&) 0x08002def   Thumb Code     0  motion_control.o(i._ZN11robotMotionC1ER5MotorS1_S1_S1_)
    time_service::init()                     0x08002dfd   Thumb Code    90  time_service.o(i._ZN12time_service4initEv)
    time_service::delay_ms(unsigned)         0x08002e65   Thumb Code    24  time_service.o(i._ZN12time_service8delay_msEj)
    time_service::startTime()                0x08002e81   Thumb Code    18  time_service.o(i._ZN12time_service9startTimeEv)
    BluetoothSend::BluetoothSend(Pin&, Pin&) 0x08002e93   Thumb Code    52  bluetooth_send.o(i._ZN13BluetoothSendC1ER3PinS1_)
    BluetoothSend::BluetoothSend__sub_object(Pin&, Pin&) 0x08002e93   Thumb Code     0  bluetooth_send.o(i._ZN13BluetoothSendC1ER3PinS1_)
    ballDetection::isThereABall()            0x08002ec7   Thumb Code    26  balldetection.o(i._ZN13ballDetection12isThereABallEv)
    ballDetection::ballDetection(Dma&)       0x08002ee1   Thumb Code    38  balldetection.o(i._ZN13ballDetectionC1ER3Dma)
    ballDetection::ballDetection__sub_object(Dma&) 0x08002ee1   Thumb Code     0  balldetection.o(i._ZN13ballDetectionC1ER3Dma)
    Adc::adcDmaInit()                        0x08002f0d   Thumb Code    36  adc.o(i._ZN3Adc10adcDmaInitEv)
    Adc::setChannel()                        0x08002f31   Thumb Code    36  adc.o(i._ZN3Adc10setChannelEv)
    Adc::sendMeChannel(unsigned char)        0x08002f55   Thumb Code    22  adc.o(i._ZN3Adc13sendMeChannelEh)
    Adc::getAdc()                            0x08002f6b   Thumb Code     6  adc.o(i._ZN3Adc6getAdcEv)
    Adc::adcInit()                           0x08002f71   Thumb Code    38  adc.o(i._ZN3Adc7adcInitEv)
    Adc::startAdc()                          0x08002f97   Thumb Code    60  adc.o(i._ZN3Adc8startAdcEv)
    Adc::Adc(ADC_TypeDef*, unsigned char, unsigned char, unsigned char, unsigned, Pin&) 0x08002fd3   Thumb Code    58  adc.o(i._ZN3AdcC1EP11ADC_TypeDefhhhjR3Pin)
    Adc::Adc__sub_object(ADC_TypeDef*, unsigned char, unsigned char, unsigned char, unsigned, Pin&) 0x08002fd3   Thumb Code     0  adc.o(i._ZN3AdcC1EP11ADC_TypeDefhhhjR3Pin)
    Dma::dataReturn(unsigned char)           0x0800300d   Thumb Code    12  dma.o(i._ZN3Dma10dataReturnEh)
    Dma::adcInitInDma()                      0x08003019   Thumb Code    30  dma.o(i._ZN3Dma12adcInitInDmaEv)
    Dma::dmaInit(DMA_Stream_TypeDef*, unsigned, unsigned) 0x08003037   Thumb Code   108  dma.o(i._ZN3Dma7dmaInitEP18DMA_Stream_TypeDefjj)
    Dma::Dma(unsigned, Adc&)                 0x080030a3   Thumb Code    24  dma.o(i._ZN3DmaC1EjR3Adc)
    Dma::Dma__sub_object(unsigned, Adc&)     0x080030a3   Thumb Code     0  dma.o(i._ZN3DmaC1EjR3Adc)
    Pin::getPinNumber()                      0x080030bb   Thumb Code     6  pin_setup.o(i._ZN3Pin12getPinNumberEv)
    Pin::pwm(unsigned)                       0x080030c1   Thumb Code    70  pin_setup.o(i._ZN3Pin3pwmEj)
    Pin::setBit()                            0x08003107   Thumb Code    14  pin_setup.o(i._ZN3Pin6setBitEv)
    Pin::pinInit()                           0x08003115   Thumb Code   222  pin_setup.o(i._ZN3Pin7pinInitEv)
    Pin::pwmInit()                           0x08003219   Thumb Code   350  pin_setup.o(i._ZN3Pin7pwmInitEv)
    Pin::readPin()                           0x0800337d   Thumb Code    20  pin_setup.o(i._ZN3Pin7readPinEv)
    Pin::getGPIOx()                          0x08003391   Thumb Code     6  pin_setup.o(i._ZN3Pin8getGPIOxEv)
    Pin::resetBit()                          0x08003397   Thumb Code    14  pin_setup.o(i._ZN3Pin8resetBitEv)
    Pin::Pin(unsigned short, GPIO_TypeDef*, GPIOMode_TypeDef, TIM_TypeDef*, unsigned, unsigned, unsigned short, unsigned char, unsigned, unsigned, GPIOOType_TypeDef, GPIOPuPd_TypeDef) 0x080033a5   Thumb Code    56  pin_setup.o(i._ZN3PinC1EtP12GPIO_TypeDef16GPIOMode_TypeDefP11TIM_TypeDefjjthjj17GPIOOType_TypeDef16GPIOPuPd_TypeDef)
    Pin::Pin__sub_object(unsigned short, GPIO_TypeDef*, GPIOMode_TypeDef, TIM_TypeDef*, unsigned, unsigned, unsigned short, unsigned char, unsigned, unsigned, GPIOOType_TypeDef, GPIOPuPd_TypeDef) 0x080033a5   Thumb Code     0  pin_setup.o(i._ZN3PinC1EtP12GPIO_TypeDef16GPIOMode_TypeDefP11TIM_TypeDefjjthjj17GPIOOType_TypeDef16GPIOPuPd_TypeDef)
    Motor::go(int)                           0x080033dd   Thumb Code   370  motor_control.o(i._ZN5Motor2goEi)
    Motor::motorInit()                       0x08003559   Thumb Code    40  motor_control.o(i._ZN5Motor9motorInitEv)
    Motor::Motor(Pin&, Pin&, unsigned)       0x08003581   Thumb Code     8  motor_control.o(i._ZN5MotorC1ER3PinS1_j)
    Motor::Motor__sub_object(Pin&, Pin&, unsigned) 0x08003581   Thumb Code     0  motor_control.o(i._ZN5MotorC1ER3PinS1_j)
    Camera::getBlueGLY(Gyroscope&)           0x08003589   Thumb Code    70  camera.o(i._ZN6Camera10getBlueGLYER9Gyroscope)
    Camera::getBlueAngle()                   0x080035cf   Thumb Code     8  camera.o(i._ZN6Camera12getBlueAngleEv)
    Camera::getYellowGLY(Gyroscope&)         0x080035d7   Thumb Code    70  camera.o(i._ZN6Camera12getYellowGLYER9Gyroscope)
    Camera::readData()                       0x0800361d   Thumb Code   366  camera.o(i._ZN6Camera8readDataEv)
    Camera::Camera(Pin&, Pin&)               0x0800378b   Thumb Code    66  camera.o(i._ZN6CameraC1ER3PinS1_)
    Camera::Camera__sub_object(Pin&, Pin&)   0x0800378b   Thumb Code     0  camera.o(i._ZN6CameraC1ER3PinS1_)
    Usart1::read()                           0x080037cd   Thumb Code    64  usart1.o(i._ZN6Usart14readEv)
    Usart1::uartInit()                       0x08003815   Thumb Code   170  usart1.o(i._ZN6Usart18uartInitEv)
    Usart1::available()                      0x080038e1   Thumb Code    44  usart1.o(i._ZN6Usart19availableEv)
    Usart2::read()                           0x08003915   Thumb Code    62  usart2.o(i._ZN6Usart24readEv)
    Usart2::uartInit()                       0x0800395d   Thumb Code   168  usart2.o(i._ZN6Usart28uartInitEv)
    Usart2::available()                      0x08003a29   Thumb Code    44  usart2.o(i._ZN6Usart29availableEv)
    Usart3::usartInit()                      0x08003a5d   Thumb Code   170  usart3.o(i._ZN6Usart39usartInitEv)
    Usart6::read()                           0x08003b29   Thumb Code    62  usart6.o(i._ZN6Usart64readEv)
    Usart6::available()                      0x08003b71   Thumb Code    44  usart6.o(i._ZN6Usart69availableEv)
    Usart6::usartInit()                      0x08003ba5   Thumb Code   170  usart6.o(i._ZN6Usart69usartInitEv)
    softI2C::softI2CInit()                   0x08003c71   Thumb Code    20  softi2c.o(i._ZN7softI2C11softI2CInitEv)
    softI2C::generateStop()                  0x08003c85   Thumb Code    56  softi2c.o(i._ZN7softI2C12generateStopEv)
    softI2C::generateStart()                 0x08003cbd   Thumb Code    74  softi2c.o(i._ZN7softI2C13generateStartEv)
    softI2C::read()                          0x08003d07   Thumb Code    74  softi2c.o(i._ZN7softI2C4readEv)
    softI2C::send(unsigned char)             0x08003d51   Thumb Code    56  softi2c.o(i._ZN7softI2C4sendEh)
    softI2C::delay()                         0x08003d89   Thumb Code    28  softi2c.o(i._ZN7softI2C5delayEv)
    softI2C::sclLow()                        0x08003da5   Thumb Code    12  softi2c.o(i._ZN7softI2C6sclLowEv)
    softI2C::sdaLow()                        0x08003db1   Thumb Code    14  softi2c.o(i._ZN7softI2C6sdaLowEv)
    softI2C::readAch()                       0x08003dbf   Thumb Code    68  softi2c.o(i._ZN7softI2C7readAchEv)
    softI2C::sclHigh()                       0x08003e03   Thumb Code    12  softi2c.o(i._ZN7softI2C7sclHighEv)
    softI2C::sdaHigh()                       0x08003e0f   Thumb Code    14  softi2c.o(i._ZN7softI2C7sdaHighEv)
    softI2C::sdaRead()                       0x08003e1d   Thumb Code    34  softi2c.o(i._ZN7softI2C7sdaReadEv)
    softI2C::writeBit(bool)                  0x08003e3f   Thumb Code    60  softi2c.o(i._ZN7softI2C8writeBitEb)
    softI2C::softI2C(Pin&, Pin&)             0x08003e7b   Thumb Code    46  softi2c.o(i._ZN7softI2CC1ER3PinS1_)
    softI2C::softI2C__sub_object(Pin&, Pin&) 0x08003e7b   Thumb Code     0  softi2c.o(i._ZN7softI2CC1ER3PinS1_)
    Gyroscope::getChangedAngle()             0x08003ea9   Thumb Code     8  gyroscope.o(i._ZN9Gyroscope15getChangedAngleEv)
    Gyroscope::getStartingAngle()            0x08003eb1   Thumb Code     8  gyroscope.o(i._ZN9Gyroscope16getStartingAngleEv)
    Gyroscope::calcStartingAngle()           0x08003eb9   Thumb Code    70  gyroscope.o(i._ZN9Gyroscope17calcStartingAngleEv)
    Gyroscope::setAngle(short)               0x08003f01   Thumb Code   262  gyroscope.o(i._ZN9Gyroscope8setAngleEs)
    Gyroscope::getImpact()                   0x0800400d   Thumb Code    38  gyroscope.o(i._ZN9Gyroscope9getImpactEv)
    Gyroscope::resetGyro()                   0x08004035   Thumb Code    44  gyroscope.o(i._ZN9Gyroscope9resetGyroEv)
    Gyroscope::Gyroscope(Pin&, Pin&)         0x08004065   Thumb Code   122  gyroscope.o(i._ZN9GyroscopeC1ER3PinS1_)
    Gyroscope::Gyroscope__sub_object(Pin&, Pin&) 0x08004065   Thumb Code     0  gyroscope.o(i._ZN9GyroscopeC1ER3PinS1_)
    IRlocator::getAngle()                    0x080040ed   Thumb Code   106  irlocator.o(i._ZN9IRlocator8getAngleEv)
    IRlocator::IRlocator(softI2C&, unsigned) 0x08004157   Thumb Code    30  irlocator.o(i._ZN9IRlocatorC1ER7softI2Cj)
    IRlocator::IRlocator__sub_object(softI2C&, unsigned) 0x08004157   Thumb Code     0  irlocator.o(i._ZN9IRlocatorC1ER7softI2Cj)
    std::abs(float)                          0x08004175   Thumb Code    10  main.o(i._ZSt3absf)
    std::cos(float)                          0x0800417f   Thumb Code    24  camera.o(i._ZSt3cosf)
    __ARM_fpclassify                         0x08004197   Thumb Code    48  fpclassify.o(i.__ARM_fpclassify)
    __cxa_guard_acquire                      0x080041c7   Thumb Code    16  cxa_guard_acquire.o(i.__cxa_guard_acquire)
    __hardfp_cos                             0x080041d9   Thumb Code   180  cos.o(i.__hardfp_cos)
    __hardfp_cosf                            0x080042a1   Thumb Code   280  cosf.o(i.__hardfp_cosf)
    __ieee754_rem_pio2                       0x080043f1   Thumb Code   938  rred.o(i.__ieee754_rem_pio2)
    __kernel_cos                             0x08004829   Thumb Code   322  cos_i.o(i.__kernel_cos)
    __kernel_poly                            0x08004999   Thumb Code   248  poly.o(i.__kernel_poly)
    __kernel_sin                             0x08004a91   Thumb Code   280  sin_i.o(i.__kernel_sin)
    __mathlib_dbl_infnan                     0x08004bc1   Thumb Code    20  dunder.o(i.__mathlib_dbl_infnan)
    __mathlib_dbl_invalid                    0x08004bd9   Thumb Code    24  dunder.o(i.__mathlib_dbl_invalid)
    __mathlib_dbl_underflow                  0x08004bf9   Thumb Code    24  dunder.o(i.__mathlib_dbl_underflow)
    __mathlib_flt_infnan                     0x08004c19   Thumb Code     6  funder.o(i.__mathlib_flt_infnan)
    __mathlib_flt_invalid                    0x08004c21   Thumb Code    10  funder.o(i.__mathlib_flt_invalid)
    __mathlib_rredf2                         0x08004c31   Thumb Code   316  rredf.o(i.__mathlib_rredf2)
    _sys_exit                                0x08004d85   Thumb Code     4  retarget.o(i._sys_exit)
    assert_failed                            0x08004d89   Thumb Code    10  retarget.o(i.assert_failed)
    fabs                                     0x08004d93   Thumb Code    24  fabs.o(i.fabs)
    main                                     0x08004dad   Thumb Code  6030  main.o(i.main)
    __aeabi_dneg                             0x08006565   Thumb Code     0  basic.o(x$fpl$basic)
    _dneg                                    0x08006565   Thumb Code     6  basic.o(x$fpl$basic)
    __aeabi_fneg                             0x0800656b   Thumb Code     0  basic.o(x$fpl$basic)
    _fneg                                    0x0800656b   Thumb Code     6  basic.o(x$fpl$basic)
    _dabs                                    0x08006571   Thumb Code     6  basic.o(x$fpl$basic)
    _fabs                                    0x08006577   Thumb Code     6  basic.o(x$fpl$basic)
    __aeabi_dadd                             0x0800657d   Thumb Code     0  daddsub_clz.o(x$fpl$dadd)
    _dadd                                    0x0800657d   Thumb Code   332  daddsub_clz.o(x$fpl$dadd)
    __fpl_dcmp_Inf                           0x080066cd   Thumb Code    24  dcmpi.o(x$fpl$dcmpinf)
    __aeabi_ddiv                             0x080066e5   Thumb Code     0  ddiv.o(x$fpl$ddiv)
    _ddiv                                    0x080066e5   Thumb Code   552  ddiv.o(x$fpl$ddiv)
    __aeabi_d2iz                             0x08006995   Thumb Code     0  dfix.o(x$fpl$dfix)
    _dfix                                    0x08006995   Thumb Code    94  dfix.o(x$fpl$dfix)
    __aeabi_i2d                              0x080069f3   Thumb Code     0  dflt_clz.o(x$fpl$dflt)
    _dflt                                    0x080069f3   Thumb Code    46  dflt_clz.o(x$fpl$dflt)
    __aeabi_ui2d                             0x08006a21   Thumb Code     0  dflt_clz.o(x$fpl$dfltu)
    _dfltu                                   0x08006a21   Thumb Code    38  dflt_clz.o(x$fpl$dfltu)
    __aeabi_cdcmple                          0x08006a49   Thumb Code     0  dleqf.o(x$fpl$dleqf)
    _dcmple                                  0x08006a49   Thumb Code   120  dleqf.o(x$fpl$dleqf)
    __fpl_dcmple_InfNaN                      0x08006aab   Thumb Code     0  dleqf.o(x$fpl$dleqf)
    __aeabi_dmul                             0x08006ac1   Thumb Code     0  dmul.o(x$fpl$dmul)
    _dmul                                    0x08006ac1   Thumb Code   332  dmul.o(x$fpl$dmul)
    __fpl_dnaninf                            0x08006c15   Thumb Code   156  dnaninf.o(x$fpl$dnaninf)
    __fpl_dretinf                            0x08006cb1   Thumb Code    12  dretinf.o(x$fpl$dretinf)
    __aeabi_cdrcmple                         0x08006cbd   Thumb Code     0  drleqf.o(x$fpl$drleqf)
    _drcmple                                 0x08006cbd   Thumb Code   108  drleqf.o(x$fpl$drleqf)
    __aeabi_drsub                            0x08006d29   Thumb Code     0  daddsub_clz.o(x$fpl$drsb)
    _drsb                                    0x08006d29   Thumb Code    22  daddsub_clz.o(x$fpl$drsb)
    __aeabi_dsub                             0x08006d41   Thumb Code     0  daddsub_clz.o(x$fpl$dsub)
    _dsub                                    0x08006d41   Thumb Code   464  daddsub_clz.o(x$fpl$dsub)
    _fp_init                                 0x08006f15   Thumb Code    10  fpinit.o(x$fpl$fpinit)
    __fplib_config_fpu_vfp                   0x08006f1d   Thumb Code     0  fpinit.o(x$fpl$fpinit)
    __fplib_config_pureend_doubles           0x08006f1d   Thumb Code     0  fpinit.o(x$fpl$fpinit)
    __aeabi_d2lz                             0x08006f21   Thumb Code     0  dfixll.o(x$fpl$llsfromd)
    _ll_sfrom_d                              0x08006f21   Thumb Code   194  dfixll.o(x$fpl$llsfromd)
    __I$use$fp                               0x08006fe2   Number         0  usenofp.o(x$fpl$usenofp)
    Region$$Table$$Base                      0x08007160   Number         0  anon$$obj.o(Region$$Table)
    Region$$Table$$Limit                     0x08007180   Number         0  anon$$obj.o(Region$$Table)
    time_service::systemTime                 0x20000010   Data           4  time_service.o(.data)
    SystemCoreClock                          0x20000084   Data           4  system_stm32f4xx.o(.data)
    Usart3::m_rxCnt                          0x20000088   Data           2  usart3.o(.data)
    Usart3::m_txCnt                          0x2000008a   Data           2  usart3.o(.data)
    Usart3::fl                               0x2000008c   Data           1  usart3.o(.data)
    Usart3::m_readCnt                        0x2000008e   Data           2  usart3.o(.data)
    Usart3::m_sendCnt                        0x20000090   Data           2  usart3.o(.data)
    Usart6::tx                               0x20000092   Data           8  usart6.o(.data)
    Usart6::rx                               0x2000009a   Data           8  usart6.o(.data)
    Usart6::m_rxCnt                          0x200000a2   Data           2  usart6.o(.data)
    Usart6::m_txCnt                          0x200000a4   Data           2  usart6.o(.data)
    Usart6::fl                               0x200000a6   Data           1  usart6.o(.data)
    Usart6::m_readCnt                        0x200000a8   Data           2  usart6.o(.data)
    Usart6::m_sendCnt                        0x200000aa   Data           2  usart6.o(.data)
    Usart2::m_rxCnt                          0x200000ac   Data           2  usart2.o(.data)
    Usart2::m_txCnt                          0x200000ae   Data           2  usart2.o(.data)
    Usart2::fl                               0x200000b0   Data           1  usart2.o(.data)
    Usart2::m_readCnt                        0x200000b2   Data           2  usart2.o(.data)
    Usart2::m_sendCnt                        0x200000b4   Data           2  usart2.o(.data)
    Usart1::m_rxCnt                          0x200000b6   Data           2  usart1.o(.data)
    Usart1::m_txCnt                          0x200000b8   Data           2  usart1.o(.data)
    Usart1::fl                               0x200000ba   Data           1  usart1.o(.data)
    Usart1::m_readCnt                        0x200000bc   Data           2  usart1.o(.data)
    Usart1::m_sendCnt                        0x200000be   Data           2  usart1.o(.data)
    Usart3::tx                               0x200005d4   Data         512  usart3.o(.bss)
    Usart3::rx                               0x200007d4   Data         512  usart3.o(.bss)
    Usart2::tx                               0x200009d4   Data          16  usart2.o(.bss)
    Usart2::rx                               0x200009e4   Data          16  usart2.o(.bss)
    Usart1::tx                               0x200009f4   Data         512  usart1.o(.bss)
    Usart1::rx                               0x20000bf4   Data         512  usart1.o(.bss)
    __libspace_start                         0x20000df4   Data          96  libspace.o(.bss)
    __temporary_stack_top$libspace           0x20000e54   Data           0  libspace.o(.bss)



==============================================================================

Memory Map of the image

  Image Entry point : 0x08000229

  Load Region LR_1 (Base: 0x08000000, Size: 0x00007240, Max: 0xffffffff, ABSOLUTE)

    Execution Region ER_RO (Exec base: 0x08000000, Load base: 0x08000000, Size: 0x00007180, Max: 0xffffffff, ABSOLUTE)

    Exec Addr    Load Addr    Size         Type   Attr      Idx    E Section Name        Object

    0x08000000   0x08000000   0x00000188   Data   RO         2515    RESET               startup_stm32f407xx.o
    0x08000188   0x08000188   0x00000008   Code   RO         3515  * !!!main             c_w.l(__main.o)
    0x08000190   0x08000190   0x00000034   Code   RO         3875    !!!scatter          c_w.l(__scatter.o)
    0x080001c4   0x080001c4   0x0000001a   Code   RO         3877    !!handler_copy      c_w.l(__scatter_copy.o)
    0x080001de   0x080001de   0x00000002   PAD
    0x080001e0   0x080001e0   0x0000001c   Code   RO         3879    !!handler_zi        c_w.l(__scatter_zi.o)
    0x080001fc   0x080001fc   0x00000002   Code   RO         3753    .ARM.Collect$$libinit$$00000000  c_w.l(libinit.o)
    0x080001fe   0x080001fe   0x00000004   Code   RO         3758    .ARM.Collect$$libinit$$00000001  c_w.l(libinit2.o)
    0x08000202   0x08000202   0x00000000   Code   RO         3761    .ARM.Collect$$libinit$$00000004  c_w.l(libinit2.o)
    0x08000202   0x08000202   0x00000000   Code   RO         3764    .ARM.Collect$$libinit$$0000000A  c_w.l(libinit2.o)
    0x08000202   0x08000202   0x00000000   Code   RO         3766    .ARM.Collect$$libinit$$0000000C  c_w.l(libinit2.o)
    0x08000202   0x08000202   0x00000000   Code   RO         3768    .ARM.Collect$$libinit$$0000000E  c_w.l(libinit2.o)
    0x08000202   0x08000202   0x00000000   Code   RO         3771    .ARM.Collect$$libinit$$00000011  c_w.l(libinit2.o)
    0x08000202   0x08000202   0x00000000   Code   RO         3773    .ARM.Collect$$libinit$$00000013  c_w.l(libinit2.o)
    0x08000202   0x08000202   0x00000000   Code   RO         3775    .ARM.Collect$$libinit$$00000015  c_w.l(libinit2.o)
    0x08000202   0x08000202   0x00000000   Code   RO         3777    .ARM.Collect$$libinit$$00000017  c_w.l(libinit2.o)
    0x08000202   0x08000202   0x00000000   Code   RO         3779    .ARM.Collect$$libinit$$00000019  c_w.l(libinit2.o)
    0x08000202   0x08000202   0x00000000   Code   RO         3781    .ARM.Collect$$libinit$$0000001B  c_w.l(libinit2.o)
    0x08000202   0x08000202   0x00000000   Code   RO         3783    .ARM.Collect$$libinit$$0000001D  c_w.l(libinit2.o)
    0x08000202   0x08000202   0x00000000   Code   RO         3785    .ARM.Collect$$libinit$$0000001F  c_w.l(libinit2.o)
    0x08000202   0x08000202   0x00000000   Code   RO         3787    .ARM.Collect$$libinit$$00000021  c_w.l(libinit2.o)
    0x08000202   0x08000202   0x00000000   Code   RO         3789    .ARM.Collect$$libinit$$00000023  c_w.l(libinit2.o)
    0x08000202   0x08000202   0x00000000   Code   RO         3791    .ARM.Collect$$libinit$$00000025  c_w.l(libinit2.o)
    0x08000202   0x08000202   0x00000000   Code   RO         3795    .ARM.Collect$$libinit$$0000002C  c_w.l(libinit2.o)
    0x08000202   0x08000202   0x00000000   Code   RO         3797    .ARM.Collect$$libinit$$0000002E  c_w.l(libinit2.o)
    0x08000202   0x08000202   0x00000000   Code   RO         3799    .ARM.Collect$$libinit$$00000030  c_w.l(libinit2.o)
    0x08000202   0x08000202   0x00000000   Code   RO         3801    .ARM.Collect$$libinit$$00000032  c_w.l(libinit2.o)
    0x08000202   0x08000202   0x00000002   Code   RO         3802    .ARM.Collect$$libinit$$00000033  c_w.l(libinit2.o)
    0x08000204   0x08000204   0x00000002   Code   RO         3822    .ARM.Collect$$libshutdown$$00000000  c_w.l(libshutdown.o)
    0x08000206   0x08000206   0x00000000   Code   RO         3830    .ARM.Collect$$libshutdown$$00000002  c_w.l(libshutdown2.o)
    0x08000206   0x08000206   0x00000000   Code   RO         3832    .ARM.Collect$$libshutdown$$00000004  c_w.l(libshutdown2.o)
    0x08000206   0x08000206   0x00000000   Code   RO         3835    .ARM.Collect$$libshutdown$$00000007  c_w.l(libshutdown2.o)
    0x08000206   0x08000206   0x00000000   Code   RO         3838    .ARM.Collect$$libshutdown$$0000000A  c_w.l(libshutdown2.o)
    0x08000206   0x08000206   0x00000000   Code   RO         3840    .ARM.Collect$$libshutdown$$0000000C  c_w.l(libshutdown2.o)
    0x08000206   0x08000206   0x00000000   Code   RO         3843    .ARM.Collect$$libshutdown$$0000000F  c_w.l(libshutdown2.o)
    0x08000206   0x08000206   0x00000002   Code   RO         3844    .ARM.Collect$$libshutdown$$00000010  c_w.l(libshutdown2.o)
    0x08000208   0x08000208   0x00000000   Code   RO         3633    .ARM.Collect$$rtentry$$00000000  c_w.l(__rtentry.o)
    0x08000208   0x08000208   0x00000000   Code   RO         3718    .ARM.Collect$$rtentry$$00000002  c_w.l(__rtentry2.o)
    0x08000208   0x08000208   0x00000006   Code   RO         3730    .ARM.Collect$$rtentry$$00000004  c_w.l(__rtentry4.o)
    0x0800020e   0x0800020e   0x00000000   Code   RO         3720    .ARM.Collect$$rtentry$$00000009  c_w.l(__rtentry2.o)
    0x0800020e   0x0800020e   0x00000004   Code   RO         3721    .ARM.Collect$$rtentry$$0000000A  c_w.l(__rtentry2.o)
    0x08000212   0x08000212   0x00000000   Code   RO         3723    .ARM.Collect$$rtentry$$0000000C  c_w.l(__rtentry2.o)
    0x08000212   0x08000212   0x00000008   Code   RO         3724    .ARM.Collect$$rtentry$$0000000D  c_w.l(__rtentry2.o)
    0x0800021a   0x0800021a   0x00000002   Code   RO         3756    .ARM.Collect$$rtexit$$00000000  c_w.l(rtexit.o)
    0x0800021c   0x0800021c   0x00000000   Code   RO         3806    .ARM.Collect$$rtexit$$00000002  c_w.l(rtexit2.o)
    0x0800021c   0x0800021c   0x00000004   Code   RO         3807    .ARM.Collect$$rtexit$$00000003  c_w.l(rtexit2.o)
    0x08000220   0x08000220   0x00000006   Code   RO         3808    .ARM.Collect$$rtexit$$00000004  c_w.l(rtexit2.o)
    0x08000226   0x08000226   0x00000002   PAD
    0x08000228   0x08000228   0x00000040   Code   RO         2516  * .text               startup_stm32f407xx.o
    0x08000268   0x08000268   0x00000002   Code   RO         3509    .text               c_w.l(use_no_semi.o)
    0x0800026a   0x0800026a   0x00000064   Code   RO         3511    .text               c_w.l(rt_memcpy_w.o)
    0x080002ce   0x080002ce   0x00000006   Code   RO         3513    .text               c_w.l(heapauxi.o)
    0x080002d4   0x080002d4   0x00000016   Code   RO         3634    .text               c_w.l(_rserrno.o)
    0x080002ea   0x080002ea   0x00000002   PAD
    0x080002ec   0x080002ec   0x00000008   Code   RO         3735    .text               c_w.l(rt_errno_addr_intlibspace.o)
    0x080002f4   0x080002f4   0x00000008   Code   RO         3741    .text               c_w.l(libspace.o)
    0x080002fc   0x080002fc   0x0000004a   Code   RO         3744    .text               c_w.l(sys_stackheap_outer.o)
    0x08000346   0x08000346   0x00000012   Code   RO         3746    .text               c_w.l(exit.o)
    0x08000358   0x08000358   0x00000078   Code   RO         1583    i.ADC_Cmd           stm32f4xx_adc.o
    0x080003d0   0x080003d0   0x00000184   Code   RO         1584    i.ADC_CommonInit    stm32f4xx_adc.o
    0x08000554   0x08000554   0x00000078   Code   RO         1587    i.ADC_DMACmd        stm32f4xx_adc.o
    0x080005cc   0x080005cc   0x00000078   Code   RO         1588    i.ADC_DMARequestAfterLastTransferCmd  stm32f4xx_adc.o
    0x08000644   0x08000644   0x00000078   Code   RO         1592    i.ADC_EOCOnEachRegularChannelCmd  stm32f4xx_adc.o
    0x080006bc   0x080006bc   0x000001c8   Code   RO         1603    i.ADC_Init          stm32f4xx_adc.o
    0x08000884   0x08000884   0x000001c4   Code   RO         1608    i.ADC_RegularChannelConfig  stm32f4xx_adc.o
    0x08000a48   0x08000a48   0x00000058   Code   RO         1610    i.ADC_SoftwareStartConv  stm32f4xx_adc.o
    0x08000aa0   0x08000aa0   0x000000e0   Code   RO          237    i.DMA_Cmd           stm32f4xx_dma.o
    0x08000b80   0x08000b80   0x00000204   Code   RO          238    i.DMA_DeInit        stm32f4xx_dma.o
    0x08000d84   0x08000d84   0x000002c0   Code   RO          249    i.DMA_Init          stm32f4xx_dma.o
    0x08001044   0x08001044   0x000001ac   Code   RO         1884    i.GPIO_Init         stm32f4xx_gpio.o
    0x080011f0   0x080011f0   0x000001ac   Code   RO         1885    i.GPIO_PinAFConfig  stm32f4xx_gpio.o
    0x0800139c   0x0800139c   0x00000070   Code   RO         1236    i.RCC_AHB1PeriphClockCmd  stm32f4xx_rcc.o
    0x0800140c   0x0800140c   0x0000006c   Code   RO         1245    i.RCC_APB1PeriphClockCmd  stm32f4xx_rcc.o
    0x08001478   0x08001478   0x00000070   Code   RO         1248    i.RCC_APB2PeriphClockCmd  stm32f4xx_rcc.o
    0x080014e8   0x080014e8   0x000000e8   Code   RO         1257    i.RCC_GetClocksFreq  stm32f4xx_rcc.o
    0x080015d0   0x080015d0   0x00000010   Code   RO         2162    i.SysTick_Handler   time_service.o
    0x080015e0   0x080015e0   0x00000064   Code   RO         2621    i.SystemInit        system_stm32f4xx.o
    0x08001644   0x08001644   0x00000108   Code   RO          474    i.TIM_BDTRConfig    stm32f4xx_tim.o
    0x0800174c   0x0800174c   0x000000e4   Code   RO          485    i.TIM_Cmd           stm32f4xx_tim.o
    0x08001830   0x08001830   0x00000078   Code   RO          487    i.TIM_CtrlPWMOutputs  stm32f4xx_tim.o
    0x080018a8   0x080018a8   0x000001dc   Code   RO          514    i.TIM_OC1Init       stm32f4xx_tim.o
    0x08001a84   0x08001a84   0x000001dc   Code   RO          519    i.TIM_OC2Init       stm32f4xx_tim.o
    0x08001c60   0x08001c60   0x000001c4   Code   RO          524    i.TIM_OC3Init       stm32f4xx_tim.o
    0x08001e24   0x08001e24   0x00000158   Code   RO          529    i.TIM_OC4Init       stm32f4xx_tim.o
    0x08001f7c   0x08001f7c   0x000000ac   Code   RO          547    i.TIM_SetCompare1   stm32f4xx_tim.o
    0x08002028   0x08002028   0x00000084   Code   RO          548    i.TIM_SetCompare2   stm32f4xx_tim.o
    0x080020ac   0x080020ac   0x00000070   Code   RO          549    i.TIM_SetCompare3   stm32f4xx_tim.o
    0x0800211c   0x0800211c   0x00000070   Code   RO          550    i.TIM_SetCompare4   stm32f4xx_tim.o
    0x0800218c   0x0800218c   0x0000016c   Code   RO          557    i.TIM_TimeBaseInit  stm32f4xx_tim.o
    0x080022f8   0x080022f8   0x000000b0   Code   RO         3032    i.USART1_IRQHandler  usart1.o
    0x080023a8   0x080023a8   0x000000b0   Code   RO         2977    i.USART2_IRQHandler  usart2.o
    0x08002458   0x08002458   0x000000b4   Code   RO         2861    i.USART3_IRQHandler  usart3.o
    0x0800250c   0x0800250c   0x000000b0   Code   RO         2923    i.USART6_IRQHandler  usart6.o
    0x080025bc   0x080025bc   0x00000104   Code   RO         1042    i.USART_ClearITPendingBit  stm32f4xx_usart.o
    0x080026c0   0x080026c0   0x000000c0   Code   RO         1045    i.USART_Cmd         stm32f4xx_usart.o
    0x08002780   0x08002780   0x00000164   Code   RO         1051    i.USART_ITConfig    stm32f4xx_usart.o
    0x080028e4   0x080028e4   0x00000238   Code   RO         1052    i.USART_Init        stm32f4xx_usart.o
    0x08002b1c   0x08002b1c   0x00000032   Code   RO         2346    i._Z11homeGoalGLYR6CameraR9Gyroscope  main.o
    0x08002b4e   0x08002b4e   0x00000032   Code   RO         2347    i._Z12enemyGoalGLYR6CameraR9Gyroscope  main.o
    0x08002b80   0x08002b80   0x0000000c   Code   RO         2348    i._Z13homeGoalAngleR6Camera  main.o
    0x08002b8c   0x08002b8c   0x0000000e   Code   RO         2353    i._Z3maxii          main.o
    0x08002b9a   0x08002b9a   0x0000000e   Code   RO         2354    i._Z3minii          main.o
    0x08002ba8   0x08002ba8   0x00000018   Code   RO         3275    i._ZN10lowerBoard4readEv  lower_board.o
    0x08002bc0   0x08002bc0   0x00000008   Code   RO         3276    i._ZN10lowerBoard8getValueEv  lower_board.o
    0x08002bc8   0x08002bc8   0x00000034   Code   RO         3277    i._ZN10lowerBoardC1ER3PinS1_  lower_board.o
    0x08002bfc   0x08002bfc   0x00000170   Code   RO         2735    i._ZN11mathematics14calculateSpeedEsiRiS0_S0_S0_  mathematics.o
    0x08002d6c   0x08002d6c   0x00000028   Code   RO         2736    i._ZN11mathematicsC1ER9IRlocator  mathematics.o
    0x08002d94   0x08002d94   0x0000003c   Code   RO         2775    i._ZN11robotMotion4moveExxxx  motion_control.o
    0x08002dd0   0x08002dd0   0x0000001e   Code   RO         2776    i._ZN11robotMotion9robotInitEv  motion_control.o
    0x08002dee   0x08002dee   0x0000000e   Code   RO         2777    i._ZN11robotMotionC1ER5MotorS1_S1_S1_  motion_control.o
    0x08002dfc   0x08002dfc   0x00000068   Code   RO         2163    i._ZN12time_service4initEv  time_service.o
    0x08002e64   0x08002e64   0x0000001c   Code   RO         2164    i._ZN12time_service8delay_msEj  time_service.o
    0x08002e80   0x08002e80   0x00000012   Code   RO         2166    i._ZN12time_service9startTimeEv  time_service.o
    0x08002e92   0x08002e92   0x00000034   Code   RO         3426    i._ZN13BluetoothSendC1ER3PinS1_  bluetooth_send.o
    0x08002ec6   0x08002ec6   0x0000001a   Code   RO         2820    i._ZN13ballDetection12isThereABallEv  balldetection.o
    0x08002ee0   0x08002ee0   0x0000002c   Code   RO         2821    i._ZN13ballDetectionC1ER3Dma  balldetection.o
    0x08002f0c   0x08002f0c   0x00000024   Code   RO            4    i._ZN3Adc10adcDmaInitEv  adc.o
    0x08002f30   0x08002f30   0x00000024   Code   RO            5    i._ZN3Adc10setChannelEv  adc.o
    0x08002f54   0x08002f54   0x00000016   Code   RO            6    i._ZN3Adc13sendMeChannelEh  adc.o
    0x08002f6a   0x08002f6a   0x00000006   Code   RO            7    i._ZN3Adc6getAdcEv  adc.o
    0x08002f70   0x08002f70   0x00000026   Code   RO            8    i._ZN3Adc7adcInitEv  adc.o
    0x08002f96   0x08002f96   0x0000003c   Code   RO            9    i._ZN3Adc8startAdcEv  adc.o
    0x08002fd2   0x08002fd2   0x0000003a   Code   RO           10    i._ZN3AdcC1EP11ADC_TypeDefhhhjR3Pin  adc.o
    0x0800300c   0x0800300c   0x0000000c   Code   RO          184    i._ZN3Dma10dataReturnEh  dma.o
    0x08003018   0x08003018   0x0000001e   Code   RO          185    i._ZN3Dma12adcInitInDmaEv  dma.o
    0x08003036   0x08003036   0x0000006c   Code   RO          186    i._ZN3Dma7dmaInitEP18DMA_Stream_TypeDefjj  dma.o
    0x080030a2   0x080030a2   0x00000018   Code   RO          187    i._ZN3DmaC1EjR3Adc  dma.o
    0x080030ba   0x080030ba   0x00000006   Code   RO         2039    i._ZN3Pin12getPinNumberEv  pin_setup.o
    0x080030c0   0x080030c0   0x00000046   Code   RO         2040    i._ZN3Pin3pwmEj     pin_setup.o
    0x08003106   0x08003106   0x0000000e   Code   RO         2041    i._ZN3Pin6setBitEv  pin_setup.o
    0x08003114   0x08003114   0x00000104   Code   RO         2042    i._ZN3Pin7pinInitEv  pin_setup.o
    0x08003218   0x08003218   0x00000164   Code   RO         2043    i._ZN3Pin7pwmInitEv  pin_setup.o
    0x0800337c   0x0800337c   0x00000014   Code   RO         2044    i._ZN3Pin7readPinEv  pin_setup.o
    0x08003390   0x08003390   0x00000006   Code   RO         2045    i._ZN3Pin8getGPIOxEv  pin_setup.o
    0x08003396   0x08003396   0x0000000e   Code   RO         2046    i._ZN3Pin8resetBitEv  pin_setup.o
    0x080033a4   0x080033a4   0x00000038   Code   RO         2047    i._ZN3PinC1EtP12GPIO_TypeDef16GPIOMode_TypeDefP11TIM_TypeDefjjthjj17GPIOOType_TypeDef16GPIOPuPd_TypeDef  pin_setup.o
    0x080033dc   0x080033dc   0x0000017c   Code   RO         2117    i._ZN5Motor2goEi    motor_control.o
    0x08003558   0x08003558   0x00000028   Code   RO         2118    i._ZN5Motor9motorInitEv  motor_control.o
    0x08003580   0x08003580   0x00000008   Code   RO         2119    i._ZN5MotorC1ER3PinS1_j  motor_control.o
    0x08003588   0x08003588   0x00000046   Code   RO         3164    i._ZN6Camera10getBlueGLYER9Gyroscope  camera.o
    0x080035ce   0x080035ce   0x00000008   Code   RO         3165    i._ZN6Camera12getBlueAngleEv  camera.o
    0x080035d6   0x080035d6   0x00000046   Code   RO         3167    i._ZN6Camera12getYellowGLYER9Gyroscope  camera.o
    0x0800361c   0x0800361c   0x0000016e   Code   RO         3172    i._ZN6Camera8readDataEv  camera.o
    0x0800378a   0x0800378a   0x00000042   Code   RO         3173    i._ZN6CameraC1ER3PinS1_  camera.o
    0x080037cc   0x080037cc   0x00000048   Code   RO         3033    i._ZN6Usart14readEv  usart1.o
    0x08003814   0x08003814   0x000000cc   Code   RO         3035    i._ZN6Usart18uartInitEv  usart1.o
    0x080038e0   0x080038e0   0x00000034   Code   RO         3036    i._ZN6Usart19availableEv  usart1.o
    0x08003914   0x08003914   0x00000048   Code   RO         2978    i._ZN6Usart24readEv  usart2.o
    0x0800395c   0x0800395c   0x000000cc   Code   RO         2980    i._ZN6Usart28uartInitEv  usart2.o
    0x08003a28   0x08003a28   0x00000034   Code   RO         2981    i._ZN6Usart29availableEv  usart2.o
    0x08003a5c   0x08003a5c   0x000000cc   Code   RO         2865    i._ZN6Usart39usartInitEv  usart3.o
    0x08003b28   0x08003b28   0x00000048   Code   RO         2924    i._ZN6Usart64readEv  usart6.o
    0x08003b70   0x08003b70   0x00000034   Code   RO         2926    i._ZN6Usart69availableEv  usart6.o
    0x08003ba4   0x08003ba4   0x000000cc   Code   RO         2927    i._ZN6Usart69usartInitEv  usart6.o
    0x08003c70   0x08003c70   0x00000014   Code   RO         2223    i._ZN7softI2C11softI2CInitEv  softi2c.o
    0x08003c84   0x08003c84   0x00000038   Code   RO         2224    i._ZN7softI2C12generateStopEv  softi2c.o
    0x08003cbc   0x08003cbc   0x0000004a   Code   RO         2225    i._ZN7softI2C13generateStartEv  softi2c.o
    0x08003d06   0x08003d06   0x0000004a   Code   RO         2226    i._ZN7softI2C4readEv  softi2c.o
    0x08003d50   0x08003d50   0x00000038   Code   RO         2227    i._ZN7softI2C4sendEh  softi2c.o
    0x08003d88   0x08003d88   0x0000001c   Code   RO         2228    i._ZN7softI2C5delayEv  softi2c.o
    0x08003da4   0x08003da4   0x0000000c   Code   RO         2229    i._ZN7softI2C6sclLowEv  softi2c.o
    0x08003db0   0x08003db0   0x0000000e   Code   RO         2230    i._ZN7softI2C6sdaLowEv  softi2c.o
    0x08003dbe   0x08003dbe   0x00000044   Code   RO         2231    i._ZN7softI2C7readAchEv  softi2c.o
    0x08003e02   0x08003e02   0x0000000c   Code   RO         2232    i._ZN7softI2C7sclHighEv  softi2c.o
    0x08003e0e   0x08003e0e   0x0000000e   Code   RO         2234    i._ZN7softI2C7sdaHighEv  softi2c.o
    0x08003e1c   0x08003e1c   0x00000022   Code   RO         2235    i._ZN7softI2C7sdaReadEv  softi2c.o
    0x08003e3e   0x08003e3e   0x0000003c   Code   RO         2238    i._ZN7softI2C8writeBitEb  softi2c.o
    0x08003e7a   0x08003e7a   0x0000002e   Code   RO         2239    i._ZN7softI2CC1ER3PinS1_  softi2c.o
    0x08003ea8   0x08003ea8   0x00000008   Code   RO         3089    i._ZN9Gyroscope15getChangedAngleEv  gyroscope.o
    0x08003eb0   0x08003eb0   0x00000008   Code   RO         3090    i._ZN9Gyroscope16getStartingAngleEv  gyroscope.o
    0x08003eb8   0x08003eb8   0x00000046   Code   RO         3091    i._ZN9Gyroscope17calcStartingAngleEv  gyroscope.o
    0x08003efe   0x08003efe   0x00000002   PAD
    0x08003f00   0x08003f00   0x0000010c   Code   RO         3092    i._ZN9Gyroscope8setAngleEs  gyroscope.o
    0x0800400c   0x0800400c   0x00000026   Code   RO         3093    i._ZN9Gyroscope9getImpactEv  gyroscope.o
    0x08004032   0x08004032   0x00000002   PAD
    0x08004034   0x08004034   0x00000030   Code   RO         3094    i._ZN9Gyroscope9resetGyroEv  gyroscope.o
    0x08004064   0x08004064   0x00000088   Code   RO         3095    i._ZN9GyroscopeC1ER3PinS1_  gyroscope.o
    0x080040ec   0x080040ec   0x0000006a   Code   RO         3348    i._ZN9IRlocator8getAngleEv  irlocator.o
    0x08004156   0x08004156   0x0000001e   Code   RO         3349    i._ZN9IRlocatorC1ER7softI2Cj  irlocator.o
    0x08004174   0x08004174   0x0000000a   Code   RO         2437    i._ZSt3absf         main.o
    0x0800417e   0x0800417e   0x00000018   Code   RO         3247    i._ZSt3cosf         camera.o
    0x08004196   0x08004196   0x00000030   Code   RO         3670    i.__ARM_fpclassify  m_wm.l(fpclassify.o)
    0x080041c6   0x080041c6   0x00000010   Code   RO         3517    i.__cxa_guard_acquire  cpprt_w.l(cxa_guard_acquire.o)
    0x080041d6   0x080041d6   0x00000002   PAD
    0x080041d8   0x080041d8   0x000000c8   Code   RO         3571    i.__hardfp_cos      m_wm.l(cos.o)
    0x080042a0   0x080042a0   0x00000150   Code   RO         3583    i.__hardfp_cosf     m_wm.l(cosf.o)
    0x080043f0   0x080043f0   0x00000438   Code   RO         3691    i.__ieee754_rem_pio2  m_wm.l(rred.o)
    0x08004828   0x08004828   0x00000170   Code   RO         3647    i.__kernel_cos      m_wm.l(cos_i.o)
    0x08004998   0x08004998   0x000000f8   Code   RO         3688    i.__kernel_poly     m_wm.l(poly.o)
    0x08004a90   0x08004a90   0x00000130   Code   RO         3699    i.__kernel_sin      m_wm.l(sin_i.o)
    0x08004bc0   0x08004bc0   0x00000014   Code   RO         3651    i.__mathlib_dbl_infnan  m_wm.l(dunder.o)
    0x08004bd4   0x08004bd4   0x00000004   PAD
    0x08004bd8   0x08004bd8   0x00000020   Code   RO         3653    i.__mathlib_dbl_invalid  m_wm.l(dunder.o)
    0x08004bf8   0x08004bf8   0x00000020   Code   RO         3656    i.__mathlib_dbl_underflow  m_wm.l(dunder.o)
    0x08004c18   0x08004c18   0x00000006   Code   RO         3675    i.__mathlib_flt_infnan  m_wm.l(funder.o)
    0x08004c1e   0x08004c1e   0x00000002   PAD
    0x08004c20   0x08004c20   0x00000010   Code   RO         3677    i.__mathlib_flt_invalid  m_wm.l(funder.o)
    0x08004c30   0x08004c30   0x00000154   Code   RO         3696    i.__mathlib_rredf2  m_wm.l(rredf.o)
    0x08004d84   0x08004d84   0x00000004   Code   RO         2526    i._sys_exit         retarget.o
    0x08004d88   0x08004d88   0x0000000a   Code   RO         2528    i.assert_failed     retarget.o
    0x08004d92   0x08004d92   0x00000018   Code   RO         3666    i.fabs              m_wm.l(fabs.o)
    0x08004daa   0x08004daa   0x00000002   PAD
    0x08004dac   0x08004dac   0x000017b8   Code   RO         2356    i.main              main.o
    0x08006564   0x08006564   0x00000018   Code   RO         3636    x$fpl$basic         fz_wm.l(basic.o)
    0x0800657c   0x0800657c   0x00000150   Code   RO         3523    x$fpl$dadd          fz_wm.l(daddsub_clz.o)
    0x080066cc   0x080066cc   0x00000018   Code   RO         3638    x$fpl$dcmpinf       fz_wm.l(dcmpi.o)
    0x080066e4   0x080066e4   0x000002b0   Code   RO         3530    x$fpl$ddiv          fz_wm.l(ddiv.o)
    0x08006994   0x08006994   0x0000005e   Code   RO         3533    x$fpl$dfix          fz_wm.l(dfix.o)
    0x080069f2   0x080069f2   0x0000002e   Code   RO         3546    x$fpl$dflt          fz_wm.l(dflt_clz.o)
    0x08006a20   0x08006a20   0x00000026   Code   RO         3545    x$fpl$dfltu         fz_wm.l(dflt_clz.o)
    0x08006a46   0x08006a46   0x00000002   PAD
    0x08006a48   0x08006a48   0x00000078   Code   RO         3551    x$fpl$dleqf         fz_wm.l(dleqf.o)
    0x08006ac0   0x08006ac0   0x00000154   Code   RO         3553    x$fpl$dmul          fz_wm.l(dmul.o)
    0x08006c14   0x08006c14   0x0000009c   Code   RO         3640    x$fpl$dnaninf       fz_wm.l(dnaninf.o)
    0x08006cb0   0x08006cb0   0x0000000c   Code   RO         3642    x$fpl$dretinf       fz_wm.l(dretinf.o)
    0x08006cbc   0x08006cbc   0x0000006c   Code   RO         3555    x$fpl$drleqf        fz_wm.l(drleqf.o)
    0x08006d28   0x08006d28   0x00000016   Code   RO         3524    x$fpl$drsb          fz_wm.l(daddsub_clz.o)
    0x08006d3e   0x08006d3e   0x00000002   PAD
    0x08006d40   0x08006d40   0x000001d4   Code   RO         3525    x$fpl$dsub          fz_wm.l(daddsub_clz.o)
    0x08006f14   0x08006f14   0x0000000a   Code   RO         3814    x$fpl$fpinit        fz_wm.l(fpinit.o)
    0x08006f1e   0x08006f1e   0x00000002   PAD
    0x08006f20   0x08006f20   0x000000c2   Code   RO         3537    x$fpl$llsfromd      fz_wm.l(dfixll.o)
    0x08006fe2   0x08006fe2   0x00000000   Code   RO         3646    x$fpl$usenofp       fz_wm.l(usenofp.o)
    0x08006fe2   0x08006fe2   0x0000003d   Data   RO         2541    .constdata          retarget.o
    0x0800701f   0x0800701f   0x00000001   PAD
    0x08007020   0x08007020   0x00000030   Data   RO         3648    .constdata          m_wm.l(cos_i.o)
    0x08007050   0x08007050   0x000000c8   Data   RO         3693    .constdata          m_wm.l(rred.o)
    0x08007118   0x08007118   0x00000020   Data   RO         3697    .constdata          m_wm.l(rredf.o)
    0x08007138   0x08007138   0x00000028   Data   RO         3700    .constdata          m_wm.l(sin_i.o)
    0x08007160   0x08007160   0x00000020   Data   RO         3873    Region$$Table       anon$$obj.o


    Execution Region ER_RW (Exec base: 0x20000000, Load base: 0x08007180, Size: 0x000000c0, Max: 0xffffffff, ABSOLUTE)

    Exec Addr    Load Addr    Size         Type   Attr      Idx    E Section Name        Object

    0x20000000   0x08007180   0x00000010   Data   RW         1289    .data               stm32f4xx_rcc.o
    0x20000010   0x08007190   0x00000004   Data   RW         2172    .data               time_service.o
    0x20000014   0x08007194   0x00000070   Data   RW         2369    .data               main.o
    0x20000084   0x08007204   0x00000004   Data   RW         2623    .data               system_stm32f4xx.o
    0x20000088   0x08007208   0x0000000a   Data   RW         2872    .data               usart3.o
    0x20000092   0x08007212   0x0000001a   Data   RW         2933    .data               usart6.o
    0x200000ac   0x0800722c   0x0000000a   Data   RW         2988    .data               usart2.o
    0x200000b6   0x08007236   0x0000000a   Data   RW         3043    .data               usart1.o


    Execution Region ER_ZI (Exec base: 0x200000c0, Load base: 0x08007240, Size: 0x00001398, Max: 0xffffffff, ABSOLUTE)

    Exec Addr    Load Addr    Size         Type   Attr      Idx    E Section Name        Object

    0x200000c0        -       0x00000514   Zero   RW         2368    .bss                main.o
    0x200005d4        -       0x00000400   Zero   RW         2871    .bss                usart3.o
    0x200009d4        -       0x00000020   Zero   RW         2987    .bss                usart2.o
    0x200009f4        -       0x00000400   Zero   RW         3042    .bss                usart1.o
    0x20000df4        -       0x00000060   Zero   RW         3742    .bss                c_w.l(libspace.o)
    0x20000e54   0x08007240   0x00000004   PAD
    0x20000e58        -       0x00000200   Zero   RW         2514    HEAP                startup_stm32f407xx.o
    0x20001058        -       0x00000400   Zero   RW         2513    STACK               startup_stm32f407xx.o


==============================================================================

Image component sizes


      Code (inc. data)   RO Data    RW Data    ZI Data      Debug   Object Name

       256          0          0          0          0     306200   adc.o
        70          6          0          0          0       1940   balldetection.o
        52          0          0          0          0       1436   bluetooth_send.o
       604          0          0          0          0       5538   camera.o
       174          0          0          0          0       3956   dma.o
       576         24          0          0          0       5088   gyroscope.o
       136          0          0          0          0       1524   irlocator.o
        84          0          0          0          0       2484   lower_board.o
      6222        408          0        112       1300      16910   main.o
       408         10          0          0          0       2484   mathematics.o
       104          0          0          0          0       3396   motion_control.o
       428         10          0          0          0       3717   motor_control.o
       802         44          0          0          0       6776   pin_setup.o
        14          0         61          0          0       3112   retarget.o
       568          0          0          0          0       8696   softi2c.o
        64         26        392          0       1536        824   startup_stm32f407xx.o
      1864        364          0          0          0      20848   stm32f4xx_adc.o
      1444        142          0          0          0     272866   stm32f4xx_dma.o
       856        152          0          0          0       9279   stm32f4xx_gpio.o
       564        140          0         16          0      20287   stm32f4xx_rcc.o
      3252        744          0          0          0      29127   stm32f4xx_tim.o
      1376        292          0          0          0      10144   stm32f4xx_usart.o
       100         18          0          4          0       1359   system_stm32f4xx.o
       166         22          0          4          0      32666   time_service.o
       504         80          0         10       1024       3132   usart1.o
       504         82          0         10         32       3132   usart2.o
       384         62          0         10       1024      36243   usart3.o
       504         80          0         26          0       3132   usart6.o

    ----------------------------------------------------------------------
     22084       2706        486        192       4916     816296   Object Totals
         0          0         32          0          0          0   (incl. Generated)
         4          0          1          0          0          0   (incl. Padding)

    ----------------------------------------------------------------------

      Code (inc. data)   RO Data    RW Data    ZI Data      Debug   Library Member Name

         8          0          0          0          0         68   __main.o
         0          0          0          0          0          0   __rtentry.o
        12          0          0          0          0          0   __rtentry2.o
         6          0          0          0          0          0   __rtentry4.o
        52          8          0          0          0          0   __scatter.o
        26          0          0          0          0          0   __scatter_copy.o
        28          0          0          0          0          0   __scatter_zi.o
        22          0          0          0          0        100   _rserrno.o
        18          0          0          0          0         80   exit.o
         6          0          0          0          0        152   heapauxi.o
         2          0          0          0          0          0   libinit.o
         6          0          0          0          0          0   libinit2.o
         2          0          0          0          0          0   libshutdown.o
         2          0          0          0          0          0   libshutdown2.o
         8          4          0          0         96         68   libspace.o
         8          4          0          0          0         68   rt_errno_addr_intlibspace.o
       100          0          0          0          0         80   rt_memcpy_w.o
         2          0          0          0          0          0   rtexit.o
        10          0          0          0          0          0   rtexit2.o
        74          0          0          0          0         80   sys_stackheap_outer.o
         2          0          0          0          0         68   use_no_semi.o
        16          0          0          0          0         68   cxa_guard_acquire.o
        24          0          0          0          0        164   basic.o
       826         16          0          0          0        492   daddsub_clz.o
        24          0          0          0          0        116   dcmpi.o
       688        140          0          0          0        256   ddiv.o
        94          4          0          0          0        140   dfix.o
       194          4          0          0          0        164   dfixll.o
        84          0          0          0          0        232   dflt_clz.o
       120          4          0          0          0        140   dleqf.o
       340         12          0          0          0        152   dmul.o
       156          4          0          0          0        140   dnaninf.o
        12          0          0          0          0        116   dretinf.o
       108          0          0          0          0        128   drleqf.o
        10          0          0          0          0        116   fpinit.o
         0          0          0          0          0          0   usenofp.o
       200         20          0          0          0        164   cos.o
       368         46         48          0          0        200   cos_i.o
       336         56          0          0          0        136   cosf.o
        84         16          0          0          0        372   dunder.o
        24          0          0          0          0        124   fabs.o
        48          0          0          0          0        124   fpclassify.o
        22          6          0          0          0        232   funder.o
       248          0          0          0          0        152   poly.o
      1080        142        200          0          0        188   rred.o
       340         24         32          0          0        160   rredf.o
       304         24         40          0          0        208   sin_i.o

    ----------------------------------------------------------------------
      6166        534        320          0        100       5248   Library Totals
        22          0          0          0          4          0   (incl. Padding)

    ----------------------------------------------------------------------

      Code (inc. data)   RO Data    RW Data    ZI Data      Debug   Library Name

       394         16          0          0         96        764   c_w.l
        16          0          0          0          0         68   cpprt_w.l
      2680        184          0          0          0       2356   fz_wm.l
      3054        334        320          0          0       2060   m_wm.l

    ----------------------------------------------------------------------
      6166        534        320          0        100       5248   Library Totals

    ----------------------------------------------------------------------

==============================================================================


      Code (inc. data)   RO Data    RW Data    ZI Data      Debug   

     28250       3240        806        192       5016     806732   Grand Totals
     28250       3240        806        192       5016     806732   ELF Image Totals
     28250       3240        806        192          0          0   ROM Totals

==============================================================================

    Total RO  Size (Code + RO Data)                29056 (  28.38kB)
    Total RW  Size (RW Data + ZI Data)              5208 (   5.09kB)
    Total ROM Size (Code + RO Data + RW Data)      29248 (  28.56kB)

==============================================================================

